12:30:40 **** Incremental Build of configuration Debug for project MAINProgram ****
make -j16 all 
arm-none-eabi-gcc "../Core/Src/main.c" -mcpu=cortex-m0plus -std=gnu11 -g3 -DDEBUG -DUSE_HAL_DRIVER -DSTM32G031xx -c -I../Core/Inc -I"C:/Users/chels/OneDrive - NAIT/term 4/CPME-2750 (Carlos)/New GitHub/cmpe2750-hardware-1242-a03-NareshKoirala/STM32CubeIDEDIR/MAINProgram/Drivers/MAX30100" -I"C:/Users/chels/OneDrive - NAIT/term 4/CPME-2750 (Carlos)/New GitHub/cmpe2750-hardware-1242-a03-NareshKoirala/STM32CubeIDEDIR/MAINProgram/Drivers/OLED" -I../Drivers/STM32G0xx_HAL_Driver/Inc -I../Drivers/STM32G0xx_HAL_Driver/Inc/Legacy -I../Drivers/CMSIS/Device/ST/STM32G0xx/Include -I../Drivers/CMSIS/Include -O0 -ffunction-sections -fdata-sections -Wall -fstack-usage -fcyclomatic-complexity -MMD -MP -MF"Core/Src/main.d" -MT"Core/Src/main.o" --specs=nano.specs -mfloat-abi=soft -mthumb -o "Core/Src/main.o"
arm-none-eabi-gcc -o "MAINProgram.elf" @"objects.list"   -mcpu=cortex-m0plus -T"C:\Users\chels\OneDrive - NAIT\term 4\CPME-2750 (Carlos)\New GitHub\cmpe2750-hardware-1242-a03-NareshKoirala\STM32CubeIDEDIR\MAINProgram\STM32G031K8TX_FLASH.ld" --specs=nosys.specs -Wl,-Map="MAINProgram.map" -Wl,--gc-sections -static -u _printf_float --specs=nano.specs -mfloat-abi=soft -mthumb -Wl,--start-group -lc -lm -Wl,--end-group
Finished building target: MAINProgram.elf
 
arm-none-eabi-size  MAINProgram.elf 
arm-none-eabi-objdump -h -S MAINProgram.elf  > "MAINProgram.list"
   text	   data	    bss	    dec	    hex	filename
  41964	    468	   3260	  45692	   b27c	MAINProgram.elf
Finished building: default.size.stdout
 
Finished building: MAINProgram.list
 
12:30:45 **** Incremental Build of configuration Debug for project MAINProgram ****
make -j16 all 
arm-none-eabi-size  MAINProgram.elf 
   text	   data	    bss	    dec	    hex	filename
  41964	    468	   3260	  45692	   b27c	MAINProgram.elf
Finished building: default.size.stdout
 
12:31:21 **** Incremental Build of configuration Debug for project MAINProgram ****
make -j16 all 
arm-none-eabi-gcc "../Core/Src/main.c" -mcpu=cortex-m0plus -std=gnu11 -g3 -DDEBUG -DUSE_HAL_DRIVER -DSTM32G031xx -c -I../Core/Inc -I"C:/Users/chels/OneDrive - NAIT/term 4/CPME-2750 (Carlos)/New GitHub/cmpe2750-hardware-1242-a03-NareshKoirala/STM32CubeIDEDIR/MAINProgram/Drivers/MAX30100" -I"C:/Users/chels/OneDrive - NAIT/term 4/CPME-2750 (Carlos)/New GitHub/cmpe2750-hardware-1242-a03-NareshKoirala/STM32CubeIDEDIR/MAINProgram/Drivers/OLED" -I../Drivers/STM32G0xx_HAL_Driver/Inc -I../Drivers/STM32G0xx_HAL_Driver/Inc/Legacy -I../Drivers/CMSIS/Device/ST/STM32G0xx/Include -I../Drivers/CMSIS/Include -O0 -ffunction-sections -fdata-sections -Wall -fstack-usage -fcyclomatic-complexity -MMD -MP -MF"Core/Src/main.d" -MT"Core/Src/main.o" --specs=nano.specs -mfloat-abi=soft -mthumb -o "Core/Src/main.o"
arm-none-eabi-gcc -o "MAINProgram.elf" @"objects.list"   -mcpu=cortex-m0plus -T"C:\Users\chels\OneDrive - NAIT\term 4\CPME-2750 (Carlos)\New GitHub\cmpe2750-hardware-1242-a03-NareshKoirala\STM32CubeIDEDIR\MAINProgram\STM32G031K8TX_FLASH.ld" --specs=nosys.specs -Wl,-Map="MAINProgram.map" -Wl,--gc-sections -static -u _printf_float --specs=nano.specs -mfloat-abi=soft -mthumb -Wl,--start-group -lc -lm -Wl,--end-group
Finished building target: MAINProgram.elf
 
arm-none-eabi-size  MAINProgram.elf 
arm-none-eabi-objdump -h -S MAINProgram.elf  > "MAINProgram.list"
   text	   data	    bss	    dec	    hex	filename
  41944	    468	   3260	  45672	   b268	MAINProgram.elf
Finished building: default.size.stdout
 
Finished building: MAINProgram.list
 
10:19:28 **** Incremental Build of configuration Debug for project MAINProgram ****
make -j16 all 
arm-none-eabi-gcc "../Drivers/MAX30100/max30100_for_stm32_hal.c" -mcpu=cortex-m0plus -std=gnu11 -g3 -DDEBUG -DUSE_HAL_DRIVER -DSTM32G031xx -c -I../Core/Inc -I"C:/Users/chels/OneDrive - NAIT/term 4/CPME-2750 (Carlos)/New GitHub/cmpe2750-hardware-1242-a03-NareshKoirala/STM32CubeIDEDIR/MAINProgram/Drivers/MAX30100" -I"C:/Users/chels/OneDrive - NAIT/term 4/CPME-2750 (Carlos)/New GitHub/cmpe2750-hardware-1242-a03-NareshKoirala/STM32CubeIDEDIR/MAINProgram/Drivers/OLED" -I../Drivers/STM32G0xx_HAL_Driver/Inc -I../Drivers/STM32G0xx_HAL_Driver/Inc/Legacy -I../Drivers/CMSIS/Device/ST/STM32G0xx/Include -I../Drivers/CMSIS/Include -O0 -ffunction-sections -fdata-sections -Wall -fstack-usage -fcyclomatic-complexity -MMD -MP -MF"Drivers/MAX30100/max30100_for_stm32_hal.d" -MT"Drivers/MAX30100/max30100_for_stm32_hal.o" --specs=nano.specs -mfloat-abi=soft -mthumb -o "Drivers/MAX30100/max30100_for_stm32_hal.o"
../Drivers/MAX30100/max30100_for_stm32_hal.c: In function 'MAX30100_PlotTemperatureToUART':
../Drivers/MAX30100/max30100_for_stm32_hal.c:132:34: warning: pointer targets in passing argument 2 of 'HAL_UART_Transmit' differ in signedness [-Wpointer-sign]
  132 |         HAL_UART_Transmit(uuart, data, strlen(data), MAX30100_TIMEOUT);
      |                                  ^~~~
      |                                  |
      |                                  char *
In file included from ../Core/Inc/stm32g0xx_hal_conf.h:319,
                 from ../Drivers/STM32G0xx_HAL_Driver/Inc/stm32g0xx_hal.h:29,
                 from ../Core/Inc/main.h:30,
                 from ../Drivers/MAX30100/max30100_for_stm32_hal.h:5,
                 from ../Drivers/MAX30100/max30100_for_stm32_hal.c:3:
../Drivers/STM32G0xx_HAL_Driver/Inc/stm32g0xx_hal_uart.h:1633:79: note: expected 'const uint8_t *' {aka 'const unsigned char *'} but argument is of type 'char *'
 1633 | HAL_StatusTypeDef HAL_UART_Transmit(UART_HandleTypeDef *huart, const uint8_t *pData, uint16_t Size, uint32_t Timeout);
      |                                                                ~~~~~~~~~~~~~~~^~~~~
../Drivers/MAX30100/max30100_for_stm32_hal.c: In function 'MAX30100_PlotIrToUART':
../Drivers/MAX30100/max30100_for_stm32_hal.c:139:42: warning: pointer targets in passing argument 2 of 'HAL_UART_Transmit' differ in signedness [-Wpointer-sign]
  139 |                 HAL_UART_Transmit(uuart, data, strlen(data), MAX30100_TIMEOUT);
      |                                          ^~~~
      |                                          |
      |                                          char *
../Drivers/STM32G0xx_HAL_Driver/Inc/stm32g0xx_hal_uart.h:1633:79: note: expected 'const uint8_t *' {aka 'const unsigned char *'} but argument is of type 'char *'
 1633 | HAL_StatusTypeDef HAL_UART_Transmit(UART_HandleTypeDef *huart, const uint8_t *pData, uint16_t Size, uint32_t Timeout);
      |                                                                ~~~~~~~~~~~~~~~^~~~~
../Drivers/MAX30100/max30100_for_stm32_hal.c: In function 'MAX30100_PlotBothToUART':
../Drivers/MAX30100/max30100_for_stm32_hal.c:147:42: warning: pointer targets in passing argument 2 of 'HAL_UART_Transmit' differ in signedness [-Wpointer-sign]
  147 |                 HAL_UART_Transmit(uuart, data, strlen(data), MAX30100_TIMEOUT);
      |                                          ^~~~
      |                                          |
      |                                          char *
../Drivers/STM32G0xx_HAL_Driver/Inc/stm32g0xx_hal_uart.h:1633:79: note: expected 'const uint8_t *' {aka 'const unsigned char *'} but argument is of type 'char *'
 1633 | HAL_StatusTypeDef HAL_UART_Transmit(UART_HandleTypeDef *huart, const uint8_t *pData, uint16_t Size, uint32_t Timeout);
      |                                                                ~~~~~~~~~~~~~~~^~~~~
../Drivers/MAX30100/max30100_for_stm32_hal.c: In function 'MAX30100_CalculateBPM':
../Drivers/MAX30100/max30100_for_stm32_hal.c:180:13: warning: unused variable 'low_index' [-Wunused-variable]
  180 |     uint8_t low_index = 0;
      |             ^~~~~~~~~
../Drivers/MAX30100/max30100_for_stm32_hal.c:179:13: warning: unused variable 'high_index' [-Wunused-variable]
  179 |     uint8_t high_index = 0;
      |             ^~~~~~~~~~
arm-none-eabi-gcc -o "MAINProgram.elf" @"objects.list"   -mcpu=cortex-m0plus -T"C:\Users\chels\OneDrive - NAIT\term 4\CPME-2750 (Carlos)\New GitHub\cmpe2750-hardware-1242-a03-NareshKoirala\STM32CubeIDEDIR\MAINProgram\STM32G031K8TX_FLASH.ld" --specs=nosys.specs -Wl,-Map="MAINProgram.map" -Wl,--gc-sections -static -u _printf_float --specs=nano.specs -mfloat-abi=soft -mthumb -Wl,--start-group -lc -lm -Wl,--end-group
Finished building target: MAINProgram.elf
 
arm-none-eabi-size  MAINProgram.elf 
arm-none-eabi-objdump -h -S MAINProgram.elf  > "MAINProgram.list"
   text	   data	    bss	    dec	    hex	filename
  42068	    468	   3292	  45828	   b304	MAINProgram.elf
Finished building: default.size.stdout
 
Finished building: MAINProgram.list
 
10:25:12 **** Clean-only build of configuration Debug for project MAINProgram ****
make -j16 clean 
rm -rf ./Drivers/STM32G0xx_HAL_Driver/Src/stm32g0xx_hal.cyclo ./Drivers/STM32G0xx_HAL_Driver/Src/stm32g0xx_hal.d ./Drivers/STM32G0xx_HAL_Driver/Src/stm32g0xx_hal.o ./Drivers/STM32G0xx_HAL_Driver/Src/stm32g0xx_hal.su ./Drivers/STM32G0xx_HAL_Driver/Src/stm32g0xx_hal_cortex.cyclo ./Drivers/STM32G0xx_HAL_Driver/Src/stm32g0xx_hal_cortex.d ./Drivers/STM32G0xx_HAL_Driver/Src/stm32g0xx_hal_cortex.o ./Drivers/STM32G0xx_HAL_Driver/Src/stm32g0xx_hal_cortex.su ./Drivers/STM32G0xx_HAL_Driver/Src/stm32g0xx_hal_dma.cyclo ./Drivers/STM32G0xx_HAL_Driver/Src/stm32g0xx_hal_dma.d ./Drivers/STM32G0xx_HAL_Driver/Src/stm32g0xx_hal_dma.o ./Drivers/STM32G0xx_HAL_Driver/Src/stm32g0xx_hal_dma.su ./Drivers/STM32G0xx_HAL_Driver/Src/stm32g0xx_hal_dma_ex.cyclo ./Drivers/STM32G0xx_HAL_Driver/Src/stm32g0xx_hal_dma_ex.d ./Drivers/STM32G0xx_HAL_Driver/Src/stm32g0xx_hal_dma_ex.o ./Drivers/STM32G0xx_HAL_Driver/Src/stm32g0xx_hal_dma_ex.su ./Drivers/STM32G0xx_HAL_Driver/Src/stm32g0xx_hal_exti.cyclo ./Drivers/STM32G0xx_HAL_Driver/Src/stm32g0xx_hal_exti.d ./Drivers/STM32G0xx_HAL_Driver/Src/stm32g0xx_hal_exti.o ./Drivers/STM32G0xx_HAL_Driver/Src/stm32g0xx_hal_exti.su ./Drivers/STM32G0xx_HAL_Driver/Src/stm32g0xx_hal_flash.cyclo ./Drivers/STM32G0xx_HAL_Driver/Src/stm32g0xx_hal_flash.d ./Drivers/STM32G0xx_HAL_Driver/Src/stm32g0xx_hal_flash.o ./Drivers/STM32G0xx_HAL_Driver/Src/stm32g0xx_hal_flash.su ./Drivers/STM32G0xx_HAL_Driver/Src/stm32g0xx_hal_flash_ex.cyclo ./Drivers/STM32G0xx_HAL_Driver/Src/stm32g0xx_hal_flash_ex.d ./Drivers/STM32G0xx_HAL_Driver/Src/stm32g0xx_hal_flash_ex.o ./Drivers/STM32G0xx_HAL_Driver/Src/stm32g0xx_hal_flash_ex.su ./Drivers/STM32G0xx_HAL_Driver/Src/stm32g0xx_hal_gpio.cyclo ./Drivers/STM32G0xx_HAL_Driver/Src/stm32g0xx_hal_gpio.d ./Drivers/STM32G0xx_HAL_Driver/Src/stm32g0xx_hal_gpio.o ./Drivers/STM32G0xx_HAL_Driver/Src/stm32g0xx_hal_gpio.su ./Drivers/STM32G0xx_HAL_Driver/Src/stm32g0xx_hal_i2c.cyclo ./Drivers/STM32G0xx_HAL_Driver/Src/stm32g0xx_hal_i2c.d ./Drivers/STM32G0xx_HAL_Driver/Src/stm32g0xx_hal_i2c.o ./Drivers/STM32G0xx_HAL_Driver/Src/stm32g0xx_hal_i2c.su ./Drivers/STM32G0xx_HAL_Driver/Src/stm32g0xx_hal_i2c_ex.cyclo ./Drivers/STM32G0xx_HAL_Driver/Src/stm32g0xx_hal_i2c_ex.d ./Drivers/STM32G0xx_HAL_Driver/Src/stm32g0xx_hal_i2c_ex.o ./Drivers/STM32G0xx_HAL_Driver/Src/stm32g0xx_hal_i2c_ex.su ./Drivers/STM32G0xx_HAL_Driver/Src/stm32g0xx_hal_pwr.cyclo ./Drivers/STM32G0xx_HAL_Driver/Src/stm32g0xx_hal_pwr.d ./Drivers/STM32G0xx_HAL_Driver/Src/stm32g0xx_hal_pwr.o ./Drivers/STM32G0xx_HAL_Driver/Src/stm32g0xx_hal_pwr.su ./Drivers/STM32G0xx_HAL_Driver/Src/stm32g0xx_hal_pwr_ex.cyclo ./Drivers/STM32G0xx_HAL_Driver/Src/stm32g0xx_hal_pwr_ex.d ./Drivers/STM32G0xx_HAL_Driver/Src/stm32g0xx_hal_pwr_ex.o ./Drivers/STM32G0xx_HAL_Driver/Src/stm32g0xx_hal_pwr_ex.su ./Drivers/STM32G0xx_HAL_Driver/Src/stm32g0xx_hal_rcc.cyclo ./Drivers/STM32G0xx_HAL_Driver/Src/stm32g0xx_hal_rcc.d ./Drivers/STM32G0xx_HAL_Driver/Src/stm32g0xx_hal_rcc.o ./Drivers/STM32G0xx_HAL_Driver/Src/stm32g0xx_hal_rcc.su ./Drivers/STM32G0xx_HAL_Driver/Src/stm32g0xx_hal_rcc_ex.cyclo ./Drivers/STM32G0xx_HAL_Driver/Src/stm32g0xx_hal_rcc_ex.d ./Drivers/STM32G0xx_HAL_Driver/Src/stm32g0xx_hal_rcc_ex.o ./Drivers/STM32G0xx_HAL_Driver/Src/stm32g0xx_hal_rcc_ex.su ./Drivers/STM32G0xx_HAL_Driver/Src/stm32g0xx_hal_tim.cyclo ./Drivers/STM32G0xx_HAL_Driver/Src/stm32g0xx_hal_tim.d ./Drivers/STM32G0xx_HAL_Driver/Src/stm32g0xx_hal_tim.o ./Drivers/STM32G0xx_HAL_Driver/Src/stm32g0xx_hal_tim.su ./Drivers/STM32G0xx_HAL_Driver/Src/stm32g0xx_hal_tim_ex.cyclo ./Drivers/STM32G0xx_HAL_Driver/Src/stm32g0xx_hal_tim_ex.d ./Drivers/STM32G0xx_HAL_Driver/Src/stm32g0xx_hal_tim_ex.o ./Drivers/STM32G0xx_HAL_Driver/Src/stm32g0xx_hal_tim_ex.su ./Drivers/STM32G0xx_HAL_Driver/Src/stm32g0xx_hal_uart.cyclo ./Drivers/STM32G0xx_HAL_Driver/Src/stm32g0xx_hal_uart.d ./Drivers/STM32G0xx_HAL_Driver/Src/stm32g0xx_hal_uart.o ./Drivers/STM32G0xx_HAL_Driver/Src/stm32g0xx_hal_uart.su ./Drivers/STM32G0xx_HAL_Driver/Src/stm32g0xx_hal_uart_ex.cyclo ./Drivers/STM32G0xx_HAL_Driver/Src/stm32g0xx_hal_uart_ex.d ./Drivers/STM32G0xx_HAL_Driver/Src/stm32g0xx_hal_uart_ex.o ./Drivers/STM32G0xx_HAL_Driver/Src/stm32g0xx_hal_uart_ex.su ./Drivers/STM32G0xx_HAL_Driver/Src/stm32g0xx_ll_rcc.cyclo ./Drivers/STM32G0xx_HAL_Driver/Src/stm32g0xx_ll_rcc.d ./Drivers/STM32G0xx_HAL_Driver/Src/stm32g0xx_ll_rcc.o ./Drivers/STM32G0xx_HAL_Driver/Src/stm32g0xx_ll_rcc.su
rm -rf ./Drivers/OLED/ssd1306.cyclo ./Drivers/OLED/ssd1306.d ./Drivers/OLED/ssd1306.o ./Drivers/OLED/ssd1306.su ./Drivers/OLED/ssd1306_fonts.cyclo ./Drivers/OLED/ssd1306_fonts.d ./Drivers/OLED/ssd1306_fonts.o ./Drivers/OLED/ssd1306_fonts.su
rm -rf ./Drivers/MAX30100/max30100_for_stm32_hal.cyclo ./Drivers/MAX30100/max30100_for_stm32_hal.d ./Drivers/MAX30100/max30100_for_stm32_hal.o ./Drivers/MAX30100/max30100_for_stm32_hal.su
rm -rf ./Core/Startup/startup_stm32g031k8tx.d ./Core/Startup/startup_stm32g031k8tx.o
rm -rf ./Core/Src/main.cyclo ./Core/Src/main.d ./Core/Src/main.o ./Core/Src/main.su ./Core/Src/stm32g0xx_hal_msp.cyclo ./Core/Src/stm32g0xx_hal_msp.d ./Core/Src/stm32g0xx_hal_msp.o ./Core/Src/stm32g0xx_hal_msp.su ./Core/Src/stm32g0xx_it.cyclo ./Core/Src/stm32g0xx_it.d ./Core/Src/stm32g0xx_it.o ./Core/Src/stm32g0xx_it.su ./Core/Src/syscalls.cyclo ./Core/Src/syscalls.d ./Core/Src/syscalls.o ./Core/Src/syscalls.su ./Core/Src/sysmem.cyclo ./Core/Src/sysmem.d ./Core/Src/sysmem.o ./Core/Src/sysmem.su ./Core/Src/system_stm32g0xx.cyclo ./Core/Src/system_stm32g0xx.d ./Core/Src/system_stm32g0xx.o ./Core/Src/system_stm32g0xx.su
rm -rf MAINProgram.elf MAINProgram.list MAINProgram.map default.size.stdout
 
10:25:13 **** Build of configuration Debug for project MAINProgram ****
make -j16 all 
arm-none-eabi-gcc "../Drivers/STM32G0xx_HAL_Driver/Src/stm32g0xx_hal.c" -mcpu=cortex-m0plus -std=gnu11 -g3 -DDEBUG -DUSE_HAL_DRIVER -DSTM32G031xx -c -I../Core/Inc -I"C:/Users/chels/OneDrive - NAIT/term 4/CPME-2750 (Carlos)/New GitHub/cmpe2750-hardware-1242-a03-NareshKoirala/STM32CubeIDEDIR/MAINProgram/Drivers/MAX30100" -I"C:/Users/chels/OneDrive - NAIT/term 4/CPME-2750 (Carlos)/New GitHub/cmpe2750-hardware-1242-a03-NareshKoirala/STM32CubeIDEDIR/MAINProgram/Drivers/OLED" -I../Drivers/STM32G0xx_HAL_Driver/Inc -I../Drivers/STM32G0xx_HAL_Driver/Inc/Legacy -I../Drivers/CMSIS/Device/ST/STM32G0xx/Include -I../Drivers/CMSIS/Include -O0 -ffunction-sections -fdata-sections -Wall -fstack-usage -fcyclomatic-complexity -MMD -MP -MF"Drivers/STM32G0xx_HAL_Driver/Src/stm32g0xx_hal.d" -MT"Drivers/STM32G0xx_HAL_Driver/Src/stm32g0xx_hal.o" --specs=nano.specs -mfloat-abi=soft -mthumb -o "Drivers/STM32G0xx_HAL_Driver/Src/stm32g0xx_hal.o"
arm-none-eabi-gcc "../Drivers/STM32G0xx_HAL_Driver/Src/stm32g0xx_hal_cortex.c" -mcpu=cortex-m0plus -std=gnu11 -g3 -DDEBUG -DUSE_HAL_DRIVER -DSTM32G031xx -c -I../Core/Inc -I"C:/Users/chels/OneDrive - NAIT/term 4/CPME-2750 (Carlos)/New GitHub/cmpe2750-hardware-1242-a03-NareshKoirala/STM32CubeIDEDIR/MAINProgram/Drivers/MAX30100" -I"C:/Users/chels/OneDrive - NAIT/term 4/CPME-2750 (Carlos)/New GitHub/cmpe2750-hardware-1242-a03-NareshKoirala/STM32CubeIDEDIR/MAINProgram/Drivers/OLED" -I../Drivers/STM32G0xx_HAL_Driver/Inc -I../Drivers/STM32G0xx_HAL_Driver/Inc/Legacy -I../Drivers/CMSIS/Device/ST/STM32G0xx/Include -I../Drivers/CMSIS/Include -O0 -ffunction-sections -fdata-sections -Wall -fstack-usage -fcyclomatic-complexity -MMD -MP -MF"Drivers/STM32G0xx_HAL_Driver/Src/stm32g0xx_hal_cortex.d" -MT"Drivers/STM32G0xx_HAL_Driver/Src/stm32g0xx_hal_cortex.o" --specs=nano.specs -mfloat-abi=soft -mthumb -o "Drivers/STM32G0xx_HAL_Driver/Src/stm32g0xx_hal_cortex.o"
arm-none-eabi-gcc "../Drivers/STM32G0xx_HAL_Driver/Src/stm32g0xx_hal_dma.c" -mcpu=cortex-m0plus -std=gnu11 -g3 -DDEBUG -DUSE_HAL_DRIVER -DSTM32G031xx -c -I../Core/Inc -I"C:/Users/chels/OneDrive - NAIT/term 4/CPME-2750 (Carlos)/New GitHub/cmpe2750-hardware-1242-a03-NareshKoirala/STM32CubeIDEDIR/MAINProgram/Drivers/MAX30100" -I"C:/Users/chels/OneDrive - NAIT/term 4/CPME-2750 (Carlos)/New GitHub/cmpe2750-hardware-1242-a03-NareshKoirala/STM32CubeIDEDIR/MAINProgram/Drivers/OLED" -I../Drivers/STM32G0xx_HAL_Driver/Inc -I../Drivers/STM32G0xx_HAL_Driver/Inc/Legacy -I../Drivers/CMSIS/Device/ST/STM32G0xx/Include -I../Drivers/CMSIS/Include -O0 -ffunction-sections -fdata-sections -Wall -fstack-usage -fcyclomatic-complexity -MMD -MP -MF"Drivers/STM32G0xx_HAL_Driver/Src/stm32g0xx_hal_dma.d" -MT"Drivers/STM32G0xx_HAL_Driver/Src/stm32g0xx_hal_dma.o" --specs=nano.specs -mfloat-abi=soft -mthumb -o "Drivers/STM32G0xx_HAL_Driver/Src/stm32g0xx_hal_dma.o"
arm-none-eabi-gcc "../Drivers/STM32G0xx_HAL_Driver/Src/stm32g0xx_hal_dma_ex.c" -mcpu=cortex-m0plus -std=gnu11 -g3 -DDEBUG -DUSE_HAL_DRIVER -DSTM32G031xx -c -I../Core/Inc -I"C:/Users/chels/OneDrive - NAIT/term 4/CPME-2750 (Carlos)/New GitHub/cmpe2750-hardware-1242-a03-NareshKoirala/STM32CubeIDEDIR/MAINProgram/Drivers/MAX30100" -I"C:/Users/chels/OneDrive - NAIT/term 4/CPME-2750 (Carlos)/New GitHub/cmpe2750-hardware-1242-a03-NareshKoirala/STM32CubeIDEDIR/MAINProgram/Drivers/OLED" -I../Drivers/STM32G0xx_HAL_Driver/Inc -I../Drivers/STM32G0xx_HAL_Driver/Inc/Legacy -I../Drivers/CMSIS/Device/ST/STM32G0xx/Include -I../Drivers/CMSIS/Include -O0 -ffunction-sections -fdata-sections -Wall -fstack-usage -fcyclomatic-complexity -MMD -MP -MF"Drivers/STM32G0xx_HAL_Driver/Src/stm32g0xx_hal_dma_ex.d" -MT"Drivers/STM32G0xx_HAL_Driver/Src/stm32g0xx_hal_dma_ex.o" --specs=nano.specs -mfloat-abi=soft -mthumb -o "Drivers/STM32G0xx_HAL_Driver/Src/stm32g0xx_hal_dma_ex.o"
arm-none-eabi-gcc "../Drivers/STM32G0xx_HAL_Driver/Src/stm32g0xx_hal_exti.c" -mcpu=cortex-m0plus -std=gnu11 -g3 -DDEBUG -DUSE_HAL_DRIVER -DSTM32G031xx -c -I../Core/Inc -I"C:/Users/chels/OneDrive - NAIT/term 4/CPME-2750 (Carlos)/New GitHub/cmpe2750-hardware-1242-a03-NareshKoirala/STM32CubeIDEDIR/MAINProgram/Drivers/MAX30100" -I"C:/Users/chels/OneDrive - NAIT/term 4/CPME-2750 (Carlos)/New GitHub/cmpe2750-hardware-1242-a03-NareshKoirala/STM32CubeIDEDIR/MAINProgram/Drivers/OLED" -I../Drivers/STM32G0xx_HAL_Driver/Inc -I../Drivers/STM32G0xx_HAL_Driver/Inc/Legacy -I../Drivers/CMSIS/Device/ST/STM32G0xx/Include -I../Drivers/CMSIS/Include -O0 -ffunction-sections -fdata-sections -Wall -fstack-usage -fcyclomatic-complexity -MMD -MP -MF"Drivers/STM32G0xx_HAL_Driver/Src/stm32g0xx_hal_exti.d" -MT"Drivers/STM32G0xx_HAL_Driver/Src/stm32g0xx_hal_exti.o" --specs=nano.specs -mfloat-abi=soft -mthumb -o "Drivers/STM32G0xx_HAL_Driver/Src/stm32g0xx_hal_exti.o"
arm-none-eabi-gcc "../Drivers/STM32G0xx_HAL_Driver/Src/stm32g0xx_hal_flash.c" -mcpu=cortex-m0plus -std=gnu11 -g3 -DDEBUG -DUSE_HAL_DRIVER -DSTM32G031xx -c -I../Core/Inc -I"C:/Users/chels/OneDrive - NAIT/term 4/CPME-2750 (Carlos)/New GitHub/cmpe2750-hardware-1242-a03-NareshKoirala/STM32CubeIDEDIR/MAINProgram/Drivers/MAX30100" -I"C:/Users/chels/OneDrive - NAIT/term 4/CPME-2750 (Carlos)/New GitHub/cmpe2750-hardware-1242-a03-NareshKoirala/STM32CubeIDEDIR/MAINProgram/Drivers/OLED" -I../Drivers/STM32G0xx_HAL_Driver/Inc -I../Drivers/STM32G0xx_HAL_Driver/Inc/Legacy -I../Drivers/CMSIS/Device/ST/STM32G0xx/Include -I../Drivers/CMSIS/Include -O0 -ffunction-sections -fdata-sections -Wall -fstack-usage -fcyclomatic-complexity -MMD -MP -MF"Drivers/STM32G0xx_HAL_Driver/Src/stm32g0xx_hal_flash.d" -MT"Drivers/STM32G0xx_HAL_Driver/Src/stm32g0xx_hal_flash.o" --specs=nano.specs -mfloat-abi=soft -mthumb -o "Drivers/STM32G0xx_HAL_Driver/Src/stm32g0xx_hal_flash.o"
arm-none-eabi-gcc "../Drivers/STM32G0xx_HAL_Driver/Src/stm32g0xx_hal_flash_ex.c" -mcpu=cortex-m0plus -std=gnu11 -g3 -DDEBUG -DUSE_HAL_DRIVER -DSTM32G031xx -c -I../Core/Inc -I"C:/Users/chels/OneDrive - NAIT/term 4/CPME-2750 (Carlos)/New GitHub/cmpe2750-hardware-1242-a03-NareshKoirala/STM32CubeIDEDIR/MAINProgram/Drivers/MAX30100" -I"C:/Users/chels/OneDrive - NAIT/term 4/CPME-2750 (Carlos)/New GitHub/cmpe2750-hardware-1242-a03-NareshKoirala/STM32CubeIDEDIR/MAINProgram/Drivers/OLED" -I../Drivers/STM32G0xx_HAL_Driver/Inc -I../Drivers/STM32G0xx_HAL_Driver/Inc/Legacy -I../Drivers/CMSIS/Device/ST/STM32G0xx/Include -I../Drivers/CMSIS/Include -O0 -ffunction-sections -fdata-sections -Wall -fstack-usage -fcyclomatic-complexity -MMD -MP -MF"Drivers/STM32G0xx_HAL_Driver/Src/stm32g0xx_hal_flash_ex.d" -MT"Drivers/STM32G0xx_HAL_Driver/Src/stm32g0xx_hal_flash_ex.o" --specs=nano.specs -mfloat-abi=soft -mthumb -o "Drivers/STM32G0xx_HAL_Driver/Src/stm32g0xx_hal_flash_ex.o"
arm-none-eabi-gcc "../Drivers/STM32G0xx_HAL_Driver/Src/stm32g0xx_hal_gpio.c" -mcpu=cortex-m0plus -std=gnu11 -g3 -DDEBUG -DUSE_HAL_DRIVER -DSTM32G031xx -c -I../Core/Inc -I"C:/Users/chels/OneDrive - NAIT/term 4/CPME-2750 (Carlos)/New GitHub/cmpe2750-hardware-1242-a03-NareshKoirala/STM32CubeIDEDIR/MAINProgram/Drivers/MAX30100" -I"C:/Users/chels/OneDrive - NAIT/term 4/CPME-2750 (Carlos)/New GitHub/cmpe2750-hardware-1242-a03-NareshKoirala/STM32CubeIDEDIR/MAINProgram/Drivers/OLED" -I../Drivers/STM32G0xx_HAL_Driver/Inc -I../Drivers/STM32G0xx_HAL_Driver/Inc/Legacy -I../Drivers/CMSIS/Device/ST/STM32G0xx/Include -I../Drivers/CMSIS/Include -O0 -ffunction-sections -fdata-sections -Wall -fstack-usage -fcyclomatic-complexity -MMD -MP -MF"Drivers/STM32G0xx_HAL_Driver/Src/stm32g0xx_hal_gpio.d" -MT"Drivers/STM32G0xx_HAL_Driver/Src/stm32g0xx_hal_gpio.o" --specs=nano.specs -mfloat-abi=soft -mthumb -o "Drivers/STM32G0xx_HAL_Driver/Src/stm32g0xx_hal_gpio.o"
arm-none-eabi-gcc "../Drivers/STM32G0xx_HAL_Driver/Src/stm32g0xx_hal_i2c.c" -mcpu=cortex-m0plus -std=gnu11 -g3 -DDEBUG -DUSE_HAL_DRIVER -DSTM32G031xx -c -I../Core/Inc -I"C:/Users/chels/OneDrive - NAIT/term 4/CPME-2750 (Carlos)/New GitHub/cmpe2750-hardware-1242-a03-NareshKoirala/STM32CubeIDEDIR/MAINProgram/Drivers/MAX30100" -I"C:/Users/chels/OneDrive - NAIT/term 4/CPME-2750 (Carlos)/New GitHub/cmpe2750-hardware-1242-a03-NareshKoirala/STM32CubeIDEDIR/MAINProgram/Drivers/OLED" -I../Drivers/STM32G0xx_HAL_Driver/Inc -I../Drivers/STM32G0xx_HAL_Driver/Inc/Legacy -I../Drivers/CMSIS/Device/ST/STM32G0xx/Include -I../Drivers/CMSIS/Include -O0 -ffunction-sections -fdata-sections -Wall -fstack-usage -fcyclomatic-complexity -MMD -MP -MF"Drivers/STM32G0xx_HAL_Driver/Src/stm32g0xx_hal_i2c.d" -MT"Drivers/STM32G0xx_HAL_Driver/Src/stm32g0xx_hal_i2c.o" --specs=nano.specs -mfloat-abi=soft -mthumb -o "Drivers/STM32G0xx_HAL_Driver/Src/stm32g0xx_hal_i2c.o"
arm-none-eabi-gcc "../Drivers/STM32G0xx_HAL_Driver/Src/stm32g0xx_hal_i2c_ex.c" -mcpu=cortex-m0plus -std=gnu11 -g3 -DDEBUG -DUSE_HAL_DRIVER -DSTM32G031xx -c -I../Core/Inc -I"C:/Users/chels/OneDrive - NAIT/term 4/CPME-2750 (Carlos)/New GitHub/cmpe2750-hardware-1242-a03-NareshKoirala/STM32CubeIDEDIR/MAINProgram/Drivers/MAX30100" -I"C:/Users/chels/OneDrive - NAIT/term 4/CPME-2750 (Carlos)/New GitHub/cmpe2750-hardware-1242-a03-NareshKoirala/STM32CubeIDEDIR/MAINProgram/Drivers/OLED" -I../Drivers/STM32G0xx_HAL_Driver/Inc -I../Drivers/STM32G0xx_HAL_Driver/Inc/Legacy -I../Drivers/CMSIS/Device/ST/STM32G0xx/Include -I../Drivers/CMSIS/Include -O0 -ffunction-sections -fdata-sections -Wall -fstack-usage -fcyclomatic-complexity -MMD -MP -MF"Drivers/STM32G0xx_HAL_Driver/Src/stm32g0xx_hal_i2c_ex.d" -MT"Drivers/STM32G0xx_HAL_Driver/Src/stm32g0xx_hal_i2c_ex.o" --specs=nano.specs -mfloat-abi=soft -mthumb -o "Drivers/STM32G0xx_HAL_Driver/Src/stm32g0xx_hal_i2c_ex.o"
arm-none-eabi-gcc "../Drivers/STM32G0xx_HAL_Driver/Src/stm32g0xx_hal_pwr.c" -mcpu=cortex-m0plus -std=gnu11 -g3 -DDEBUG -DUSE_HAL_DRIVER -DSTM32G031xx -c -I../Core/Inc -I"C:/Users/chels/OneDrive - NAIT/term 4/CPME-2750 (Carlos)/New GitHub/cmpe2750-hardware-1242-a03-NareshKoirala/STM32CubeIDEDIR/MAINProgram/Drivers/MAX30100" -I"C:/Users/chels/OneDrive - NAIT/term 4/CPME-2750 (Carlos)/New GitHub/cmpe2750-hardware-1242-a03-NareshKoirala/STM32CubeIDEDIR/MAINProgram/Drivers/OLED" -I../Drivers/STM32G0xx_HAL_Driver/Inc -I../Drivers/STM32G0xx_HAL_Driver/Inc/Legacy -I../Drivers/CMSIS/Device/ST/STM32G0xx/Include -I../Drivers/CMSIS/Include -O0 -ffunction-sections -fdata-sections -Wall -fstack-usage -fcyclomatic-complexity -MMD -MP -MF"Drivers/STM32G0xx_HAL_Driver/Src/stm32g0xx_hal_pwr.d" -MT"Drivers/STM32G0xx_HAL_Driver/Src/stm32g0xx_hal_pwr.o" --specs=nano.specs -mfloat-abi=soft -mthumb -o "Drivers/STM32G0xx_HAL_Driver/Src/stm32g0xx_hal_pwr.o"
arm-none-eabi-gcc "../Drivers/STM32G0xx_HAL_Driver/Src/stm32g0xx_hal_pwr_ex.c" -mcpu=cortex-m0plus -std=gnu11 -g3 -DDEBUG -DUSE_HAL_DRIVER -DSTM32G031xx -c -I../Core/Inc -I"C:/Users/chels/OneDrive - NAIT/term 4/CPME-2750 (Carlos)/New GitHub/cmpe2750-hardware-1242-a03-NareshKoirala/STM32CubeIDEDIR/MAINProgram/Drivers/MAX30100" -I"C:/Users/chels/OneDrive - NAIT/term 4/CPME-2750 (Carlos)/New GitHub/cmpe2750-hardware-1242-a03-NareshKoirala/STM32CubeIDEDIR/MAINProgram/Drivers/OLED" -I../Drivers/STM32G0xx_HAL_Driver/Inc -I../Drivers/STM32G0xx_HAL_Driver/Inc/Legacy -I../Drivers/CMSIS/Device/ST/STM32G0xx/Include -I../Drivers/CMSIS/Include -O0 -ffunction-sections -fdata-sections -Wall -fstack-usage -fcyclomatic-complexity -MMD -MP -MF"Drivers/STM32G0xx_HAL_Driver/Src/stm32g0xx_hal_pwr_ex.d" -MT"Drivers/STM32G0xx_HAL_Driver/Src/stm32g0xx_hal_pwr_ex.o" --specs=nano.specs -mfloat-abi=soft -mthumb -o "Drivers/STM32G0xx_HAL_Driver/Src/stm32g0xx_hal_pwr_ex.o"
arm-none-eabi-gcc "../Drivers/STM32G0xx_HAL_Driver/Src/stm32g0xx_hal_rcc.c" -mcpu=cortex-m0plus -std=gnu11 -g3 -DDEBUG -DUSE_HAL_DRIVER -DSTM32G031xx -c -I../Core/Inc -I"C:/Users/chels/OneDrive - NAIT/term 4/CPME-2750 (Carlos)/New GitHub/cmpe2750-hardware-1242-a03-NareshKoirala/STM32CubeIDEDIR/MAINProgram/Drivers/MAX30100" -I"C:/Users/chels/OneDrive - NAIT/term 4/CPME-2750 (Carlos)/New GitHub/cmpe2750-hardware-1242-a03-NareshKoirala/STM32CubeIDEDIR/MAINProgram/Drivers/OLED" -I../Drivers/STM32G0xx_HAL_Driver/Inc -I../Drivers/STM32G0xx_HAL_Driver/Inc/Legacy -I../Drivers/CMSIS/Device/ST/STM32G0xx/Include -I../Drivers/CMSIS/Include -O0 -ffunction-sections -fdata-sections -Wall -fstack-usage -fcyclomatic-complexity -MMD -MP -MF"Drivers/STM32G0xx_HAL_Driver/Src/stm32g0xx_hal_rcc.d" -MT"Drivers/STM32G0xx_HAL_Driver/Src/stm32g0xx_hal_rcc.o" --specs=nano.specs -mfloat-abi=soft -mthumb -o "Drivers/STM32G0xx_HAL_Driver/Src/stm32g0xx_hal_rcc.o"
arm-none-eabi-gcc "../Drivers/STM32G0xx_HAL_Driver/Src/stm32g0xx_hal_rcc_ex.c" -mcpu=cortex-m0plus -std=gnu11 -g3 -DDEBUG -DUSE_HAL_DRIVER -DSTM32G031xx -c -I../Core/Inc -I"C:/Users/chels/OneDrive - NAIT/term 4/CPME-2750 (Carlos)/New GitHub/cmpe2750-hardware-1242-a03-NareshKoirala/STM32CubeIDEDIR/MAINProgram/Drivers/MAX30100" -I"C:/Users/chels/OneDrive - NAIT/term 4/CPME-2750 (Carlos)/New GitHub/cmpe2750-hardware-1242-a03-NareshKoirala/STM32CubeIDEDIR/MAINProgram/Drivers/OLED" -I../Drivers/STM32G0xx_HAL_Driver/Inc -I../Drivers/STM32G0xx_HAL_Driver/Inc/Legacy -I../Drivers/CMSIS/Device/ST/STM32G0xx/Include -I../Drivers/CMSIS/Include -O0 -ffunction-sections -fdata-sections -Wall -fstack-usage -fcyclomatic-complexity -MMD -MP -MF"Drivers/STM32G0xx_HAL_Driver/Src/stm32g0xx_hal_rcc_ex.d" -MT"Drivers/STM32G0xx_HAL_Driver/Src/stm32g0xx_hal_rcc_ex.o" --specs=nano.specs -mfloat-abi=soft -mthumb -o "Drivers/STM32G0xx_HAL_Driver/Src/stm32g0xx_hal_rcc_ex.o"
arm-none-eabi-gcc "../Drivers/STM32G0xx_HAL_Driver/Src/stm32g0xx_hal_tim.c" -mcpu=cortex-m0plus -std=gnu11 -g3 -DDEBUG -DUSE_HAL_DRIVER -DSTM32G031xx -c -I../Core/Inc -I"C:/Users/chels/OneDrive - NAIT/term 4/CPME-2750 (Carlos)/New GitHub/cmpe2750-hardware-1242-a03-NareshKoirala/STM32CubeIDEDIR/MAINProgram/Drivers/MAX30100" -I"C:/Users/chels/OneDrive - NAIT/term 4/CPME-2750 (Carlos)/New GitHub/cmpe2750-hardware-1242-a03-NareshKoirala/STM32CubeIDEDIR/MAINProgram/Drivers/OLED" -I../Drivers/STM32G0xx_HAL_Driver/Inc -I../Drivers/STM32G0xx_HAL_Driver/Inc/Legacy -I../Drivers/CMSIS/Device/ST/STM32G0xx/Include -I../Drivers/CMSIS/Include -O0 -ffunction-sections -fdata-sections -Wall -fstack-usage -fcyclomatic-complexity -MMD -MP -MF"Drivers/STM32G0xx_HAL_Driver/Src/stm32g0xx_hal_tim.d" -MT"Drivers/STM32G0xx_HAL_Driver/Src/stm32g0xx_hal_tim.o" --specs=nano.specs -mfloat-abi=soft -mthumb -o "Drivers/STM32G0xx_HAL_Driver/Src/stm32g0xx_hal_tim.o"
arm-none-eabi-gcc "../Drivers/STM32G0xx_HAL_Driver/Src/stm32g0xx_hal_tim_ex.c" -mcpu=cortex-m0plus -std=gnu11 -g3 -DDEBUG -DUSE_HAL_DRIVER -DSTM32G031xx -c -I../Core/Inc -I"C:/Users/chels/OneDrive - NAIT/term 4/CPME-2750 (Carlos)/New GitHub/cmpe2750-hardware-1242-a03-NareshKoirala/STM32CubeIDEDIR/MAINProgram/Drivers/MAX30100" -I"C:/Users/chels/OneDrive - NAIT/term 4/CPME-2750 (Carlos)/New GitHub/cmpe2750-hardware-1242-a03-NareshKoirala/STM32CubeIDEDIR/MAINProgram/Drivers/OLED" -I../Drivers/STM32G0xx_HAL_Driver/Inc -I../Drivers/STM32G0xx_HAL_Driver/Inc/Legacy -I../Drivers/CMSIS/Device/ST/STM32G0xx/Include -I../Drivers/CMSIS/Include -O0 -ffunction-sections -fdata-sections -Wall -fstack-usage -fcyclomatic-complexity -MMD -MP -MF"Drivers/STM32G0xx_HAL_Driver/Src/stm32g0xx_hal_tim_ex.d" -MT"Drivers/STM32G0xx_HAL_Driver/Src/stm32g0xx_hal_tim_ex.o" --specs=nano.specs -mfloat-abi=soft -mthumb -o "Drivers/STM32G0xx_HAL_Driver/Src/stm32g0xx_hal_tim_ex.o"
arm-none-eabi-gcc "../Drivers/STM32G0xx_HAL_Driver/Src/stm32g0xx_hal_uart.c" -mcpu=cortex-m0plus -std=gnu11 -g3 -DDEBUG -DUSE_HAL_DRIVER -DSTM32G031xx -c -I../Core/Inc -I"C:/Users/chels/OneDrive - NAIT/term 4/CPME-2750 (Carlos)/New GitHub/cmpe2750-hardware-1242-a03-NareshKoirala/STM32CubeIDEDIR/MAINProgram/Drivers/MAX30100" -I"C:/Users/chels/OneDrive - NAIT/term 4/CPME-2750 (Carlos)/New GitHub/cmpe2750-hardware-1242-a03-NareshKoirala/STM32CubeIDEDIR/MAINProgram/Drivers/OLED" -I../Drivers/STM32G0xx_HAL_Driver/Inc -I../Drivers/STM32G0xx_HAL_Driver/Inc/Legacy -I../Drivers/CMSIS/Device/ST/STM32G0xx/Include -I../Drivers/CMSIS/Include -O0 -ffunction-sections -fdata-sections -Wall -fstack-usage -fcyclomatic-complexity -MMD -MP -MF"Drivers/STM32G0xx_HAL_Driver/Src/stm32g0xx_hal_uart.d" -MT"Drivers/STM32G0xx_HAL_Driver/Src/stm32g0xx_hal_uart.o" --specs=nano.specs -mfloat-abi=soft -mthumb -o "Drivers/STM32G0xx_HAL_Driver/Src/stm32g0xx_hal_uart.o"
arm-none-eabi-gcc "../Drivers/STM32G0xx_HAL_Driver/Src/stm32g0xx_hal_uart_ex.c" -mcpu=cortex-m0plus -std=gnu11 -g3 -DDEBUG -DUSE_HAL_DRIVER -DSTM32G031xx -c -I../Core/Inc -I"C:/Users/chels/OneDrive - NAIT/term 4/CPME-2750 (Carlos)/New GitHub/cmpe2750-hardware-1242-a03-NareshKoirala/STM32CubeIDEDIR/MAINProgram/Drivers/MAX30100" -I"C:/Users/chels/OneDrive - NAIT/term 4/CPME-2750 (Carlos)/New GitHub/cmpe2750-hardware-1242-a03-NareshKoirala/STM32CubeIDEDIR/MAINProgram/Drivers/OLED" -I../Drivers/STM32G0xx_HAL_Driver/Inc -I../Drivers/STM32G0xx_HAL_Driver/Inc/Legacy -I../Drivers/CMSIS/Device/ST/STM32G0xx/Include -I../Drivers/CMSIS/Include -O0 -ffunction-sections -fdata-sections -Wall -fstack-usage -fcyclomatic-complexity -MMD -MP -MF"Drivers/STM32G0xx_HAL_Driver/Src/stm32g0xx_hal_uart_ex.d" -MT"Drivers/STM32G0xx_HAL_Driver/Src/stm32g0xx_hal_uart_ex.o" --specs=nano.specs -mfloat-abi=soft -mthumb -o "Drivers/STM32G0xx_HAL_Driver/Src/stm32g0xx_hal_uart_ex.o"
arm-none-eabi-gcc "../Drivers/STM32G0xx_HAL_Driver/Src/stm32g0xx_ll_rcc.c" -mcpu=cortex-m0plus -std=gnu11 -g3 -DDEBUG -DUSE_HAL_DRIVER -DSTM32G031xx -c -I../Core/Inc -I"C:/Users/chels/OneDrive - NAIT/term 4/CPME-2750 (Carlos)/New GitHub/cmpe2750-hardware-1242-a03-NareshKoirala/STM32CubeIDEDIR/MAINProgram/Drivers/MAX30100" -I"C:/Users/chels/OneDrive - NAIT/term 4/CPME-2750 (Carlos)/New GitHub/cmpe2750-hardware-1242-a03-NareshKoirala/STM32CubeIDEDIR/MAINProgram/Drivers/OLED" -I../Drivers/STM32G0xx_HAL_Driver/Inc -I../Drivers/STM32G0xx_HAL_Driver/Inc/Legacy -I../Drivers/CMSIS/Device/ST/STM32G0xx/Include -I../Drivers/CMSIS/Include -O0 -ffunction-sections -fdata-sections -Wall -fstack-usage -fcyclomatic-complexity -MMD -MP -MF"Drivers/STM32G0xx_HAL_Driver/Src/stm32g0xx_ll_rcc.d" -MT"Drivers/STM32G0xx_HAL_Driver/Src/stm32g0xx_ll_rcc.o" --specs=nano.specs -mfloat-abi=soft -mthumb -o "Drivers/STM32G0xx_HAL_Driver/Src/stm32g0xx_ll_rcc.o"
arm-none-eabi-gcc "../Drivers/OLED/ssd1306.c" -mcpu=cortex-m0plus -std=gnu11 -g3 -DDEBUG -DUSE_HAL_DRIVER -DSTM32G031xx -c -I../Core/Inc -I"C:/Users/chels/OneDrive - NAIT/term 4/CPME-2750 (Carlos)/New GitHub/cmpe2750-hardware-1242-a03-NareshKoirala/STM32CubeIDEDIR/MAINProgram/Drivers/MAX30100" -I"C:/Users/chels/OneDrive - NAIT/term 4/CPME-2750 (Carlos)/New GitHub/cmpe2750-hardware-1242-a03-NareshKoirala/STM32CubeIDEDIR/MAINProgram/Drivers/OLED" -I../Drivers/STM32G0xx_HAL_Driver/Inc -I../Drivers/STM32G0xx_HAL_Driver/Inc/Legacy -I../Drivers/CMSIS/Device/ST/STM32G0xx/Include -I../Drivers/CMSIS/Include -O0 -ffunction-sections -fdata-sections -Wall -fstack-usage -fcyclomatic-complexity -MMD -MP -MF"Drivers/OLED/ssd1306.d" -MT"Drivers/OLED/ssd1306.o" --specs=nano.specs -mfloat-abi=soft -mthumb -o "Drivers/OLED/ssd1306.o"
arm-none-eabi-gcc "../Drivers/OLED/ssd1306_fonts.c" -mcpu=cortex-m0plus -std=gnu11 -g3 -DDEBUG -DUSE_HAL_DRIVER -DSTM32G031xx -c -I../Core/Inc -I"C:/Users/chels/OneDrive - NAIT/term 4/CPME-2750 (Carlos)/New GitHub/cmpe2750-hardware-1242-a03-NareshKoirala/STM32CubeIDEDIR/MAINProgram/Drivers/MAX30100" -I"C:/Users/chels/OneDrive - NAIT/term 4/CPME-2750 (Carlos)/New GitHub/cmpe2750-hardware-1242-a03-NareshKoirala/STM32CubeIDEDIR/MAINProgram/Drivers/OLED" -I../Drivers/STM32G0xx_HAL_Driver/Inc -I../Drivers/STM32G0xx_HAL_Driver/Inc/Legacy -I../Drivers/CMSIS/Device/ST/STM32G0xx/Include -I../Drivers/CMSIS/Include -O0 -ffunction-sections -fdata-sections -Wall -fstack-usage -fcyclomatic-complexity -MMD -MP -MF"Drivers/OLED/ssd1306_fonts.d" -MT"Drivers/OLED/ssd1306_fonts.o" --specs=nano.specs -mfloat-abi=soft -mthumb -o "Drivers/OLED/ssd1306_fonts.o"
arm-none-eabi-gcc "../Drivers/MAX30100/max30100_for_stm32_hal.c" -mcpu=cortex-m0plus -std=gnu11 -g3 -DDEBUG -DUSE_HAL_DRIVER -DSTM32G031xx -c -I../Core/Inc -I"C:/Users/chels/OneDrive - NAIT/term 4/CPME-2750 (Carlos)/New GitHub/cmpe2750-hardware-1242-a03-NareshKoirala/STM32CubeIDEDIR/MAINProgram/Drivers/MAX30100" -I"C:/Users/chels/OneDrive - NAIT/term 4/CPME-2750 (Carlos)/New GitHub/cmpe2750-hardware-1242-a03-NareshKoirala/STM32CubeIDEDIR/MAINProgram/Drivers/OLED" -I../Drivers/STM32G0xx_HAL_Driver/Inc -I../Drivers/STM32G0xx_HAL_Driver/Inc/Legacy -I../Drivers/CMSIS/Device/ST/STM32G0xx/Include -I../Drivers/CMSIS/Include -O0 -ffunction-sections -fdata-sections -Wall -fstack-usage -fcyclomatic-complexity -MMD -MP -MF"Drivers/MAX30100/max30100_for_stm32_hal.d" -MT"Drivers/MAX30100/max30100_for_stm32_hal.o" --specs=nano.specs -mfloat-abi=soft -mthumb -o "Drivers/MAX30100/max30100_for_stm32_hal.o"
arm-none-eabi-gcc -mcpu=cortex-m0plus -g3 -DDEBUG -c -x assembler-with-cpp -MMD -MP -MF"Core/Startup/startup_stm32g031k8tx.d" -MT"Core/Startup/startup_stm32g031k8tx.o" --specs=nano.specs -mfloat-abi=soft -mthumb -o "Core/Startup/startup_stm32g031k8tx.o" "../Core/Startup/startup_stm32g031k8tx.s"
arm-none-eabi-gcc "../Core/Src/main.c" -mcpu=cortex-m0plus -std=gnu11 -g3 -DDEBUG -DUSE_HAL_DRIVER -DSTM32G031xx -c -I../Core/Inc -I"C:/Users/chels/OneDrive - NAIT/term 4/CPME-2750 (Carlos)/New GitHub/cmpe2750-hardware-1242-a03-NareshKoirala/STM32CubeIDEDIR/MAINProgram/Drivers/MAX30100" -I"C:/Users/chels/OneDrive - NAIT/term 4/CPME-2750 (Carlos)/New GitHub/cmpe2750-hardware-1242-a03-NareshKoirala/STM32CubeIDEDIR/MAINProgram/Drivers/OLED" -I../Drivers/STM32G0xx_HAL_Driver/Inc -I../Drivers/STM32G0xx_HAL_Driver/Inc/Legacy -I../Drivers/CMSIS/Device/ST/STM32G0xx/Include -I../Drivers/CMSIS/Include -O0 -ffunction-sections -fdata-sections -Wall -fstack-usage -fcyclomatic-complexity -MMD -MP -MF"Core/Src/main.d" -MT"Core/Src/main.o" --specs=nano.specs -mfloat-abi=soft -mthumb -o "Core/Src/main.o"
arm-none-eabi-gcc "../Core/Src/stm32g0xx_hal_msp.c" -mcpu=cortex-m0plus -std=gnu11 -g3 -DDEBUG -DUSE_HAL_DRIVER -DSTM32G031xx -c -I../Core/Inc -I"C:/Users/chels/OneDrive - NAIT/term 4/CPME-2750 (Carlos)/New GitHub/cmpe2750-hardware-1242-a03-NareshKoirala/STM32CubeIDEDIR/MAINProgram/Drivers/MAX30100" -I"C:/Users/chels/OneDrive - NAIT/term 4/CPME-2750 (Carlos)/New GitHub/cmpe2750-hardware-1242-a03-NareshKoirala/STM32CubeIDEDIR/MAINProgram/Drivers/OLED" -I../Drivers/STM32G0xx_HAL_Driver/Inc -I../Drivers/STM32G0xx_HAL_Driver/Inc/Legacy -I../Drivers/CMSIS/Device/ST/STM32G0xx/Include -I../Drivers/CMSIS/Include -O0 -ffunction-sections -fdata-sections -Wall -fstack-usage -fcyclomatic-complexity -MMD -MP -MF"Core/Src/stm32g0xx_hal_msp.d" -MT"Core/Src/stm32g0xx_hal_msp.o" --specs=nano.specs -mfloat-abi=soft -mthumb -o "Core/Src/stm32g0xx_hal_msp.o"
arm-none-eabi-gcc "../Core/Src/stm32g0xx_it.c" -mcpu=cortex-m0plus -std=gnu11 -g3 -DDEBUG -DUSE_HAL_DRIVER -DSTM32G031xx -c -I../Core/Inc -I"C:/Users/chels/OneDrive - NAIT/term 4/CPME-2750 (Carlos)/New GitHub/cmpe2750-hardware-1242-a03-NareshKoirala/STM32CubeIDEDIR/MAINProgram/Drivers/MAX30100" -I"C:/Users/chels/OneDrive - NAIT/term 4/CPME-2750 (Carlos)/New GitHub/cmpe2750-hardware-1242-a03-NareshKoirala/STM32CubeIDEDIR/MAINProgram/Drivers/OLED" -I../Drivers/STM32G0xx_HAL_Driver/Inc -I../Drivers/STM32G0xx_HAL_Driver/Inc/Legacy -I../Drivers/CMSIS/Device/ST/STM32G0xx/Include -I../Drivers/CMSIS/Include -O0 -ffunction-sections -fdata-sections -Wall -fstack-usage -fcyclomatic-complexity -MMD -MP -MF"Core/Src/stm32g0xx_it.d" -MT"Core/Src/stm32g0xx_it.o" --specs=nano.specs -mfloat-abi=soft -mthumb -o "Core/Src/stm32g0xx_it.o"
arm-none-eabi-gcc "../Core/Src/syscalls.c" -mcpu=cortex-m0plus -std=gnu11 -g3 -DDEBUG -DUSE_HAL_DRIVER -DSTM32G031xx -c -I../Core/Inc -I"C:/Users/chels/OneDrive - NAIT/term 4/CPME-2750 (Carlos)/New GitHub/cmpe2750-hardware-1242-a03-NareshKoirala/STM32CubeIDEDIR/MAINProgram/Drivers/MAX30100" -I"C:/Users/chels/OneDrive - NAIT/term 4/CPME-2750 (Carlos)/New GitHub/cmpe2750-hardware-1242-a03-NareshKoirala/STM32CubeIDEDIR/MAINProgram/Drivers/OLED" -I../Drivers/STM32G0xx_HAL_Driver/Inc -I../Drivers/STM32G0xx_HAL_Driver/Inc/Legacy -I../Drivers/CMSIS/Device/ST/STM32G0xx/Include -I../Drivers/CMSIS/Include -O0 -ffunction-sections -fdata-sections -Wall -fstack-usage -fcyclomatic-complexity -MMD -MP -MF"Core/Src/syscalls.d" -MT"Core/Src/syscalls.o" --specs=nano.specs -mfloat-abi=soft -mthumb -o "Core/Src/syscalls.o"
arm-none-eabi-gcc "../Core/Src/sysmem.c" -mcpu=cortex-m0plus -std=gnu11 -g3 -DDEBUG -DUSE_HAL_DRIVER -DSTM32G031xx -c -I../Core/Inc -I"C:/Users/chels/OneDrive - NAIT/term 4/CPME-2750 (Carlos)/New GitHub/cmpe2750-hardware-1242-a03-NareshKoirala/STM32CubeIDEDIR/MAINProgram/Drivers/MAX30100" -I"C:/Users/chels/OneDrive - NAIT/term 4/CPME-2750 (Carlos)/New GitHub/cmpe2750-hardware-1242-a03-NareshKoirala/STM32CubeIDEDIR/MAINProgram/Drivers/OLED" -I../Drivers/STM32G0xx_HAL_Driver/Inc -I../Drivers/STM32G0xx_HAL_Driver/Inc/Legacy -I../Drivers/CMSIS/Device/ST/STM32G0xx/Include -I../Drivers/CMSIS/Include -O0 -ffunction-sections -fdata-sections -Wall -fstack-usage -fcyclomatic-complexity -MMD -MP -MF"Core/Src/sysmem.d" -MT"Core/Src/sysmem.o" --specs=nano.specs -mfloat-abi=soft -mthumb -o "Core/Src/sysmem.o"
arm-none-eabi-gcc "../Core/Src/system_stm32g0xx.c" -mcpu=cortex-m0plus -std=gnu11 -g3 -DDEBUG -DUSE_HAL_DRIVER -DSTM32G031xx -c -I../Core/Inc -I"C:/Users/chels/OneDrive - NAIT/term 4/CPME-2750 (Carlos)/New GitHub/cmpe2750-hardware-1242-a03-NareshKoirala/STM32CubeIDEDIR/MAINProgram/Drivers/MAX30100" -I"C:/Users/chels/OneDrive - NAIT/term 4/CPME-2750 (Carlos)/New GitHub/cmpe2750-hardware-1242-a03-NareshKoirala/STM32CubeIDEDIR/MAINProgram/Drivers/OLED" -I../Drivers/STM32G0xx_HAL_Driver/Inc -I../Drivers/STM32G0xx_HAL_Driver/Inc/Legacy -I../Drivers/CMSIS/Device/ST/STM32G0xx/Include -I../Drivers/CMSIS/Include -O0 -ffunction-sections -fdata-sections -Wall -fstack-usage -fcyclomatic-complexity -MMD -MP -MF"Core/Src/system_stm32g0xx.d" -MT"Core/Src/system_stm32g0xx.o" --specs=nano.specs -mfloat-abi=soft -mthumb -o "Core/Src/system_stm32g0xx.o"
../Drivers/MAX30100/max30100_for_stm32_hal.c: In function 'MAX30100_PlotTemperatureToUART':
../Drivers/MAX30100/max30100_for_stm32_hal.c:132:34: warning: pointer targets in passing argument 2 of 'HAL_UART_Transmit' differ in signedness [-Wpointer-sign]
  132 |         HAL_UART_Transmit(uuart, data, strlen(data), MAX30100_TIMEOUT);
      |                                  ^~~~
      |                                  |
      |                                  char *
In file included from ../Core/Inc/stm32g0xx_hal_conf.h:319,
                 from ../Drivers/STM32G0xx_HAL_Driver/Inc/stm32g0xx_hal.h:29,
                 from ../Core/Inc/main.h:30,
                 from ../Drivers/MAX30100/max30100_for_stm32_hal.h:5,
                 from ../Drivers/MAX30100/max30100_for_stm32_hal.c:3:
../Drivers/STM32G0xx_HAL_Driver/Inc/stm32g0xx_hal_uart.h:1633:79: note: expected 'const uint8_t *' {aka 'const unsigned char *'} but argument is of type 'char *'
 1633 | HAL_StatusTypeDef HAL_UART_Transmit(UART_HandleTypeDef *huart, const uint8_t *pData, uint16_t Size, uint32_t Timeout);
      |                                                                ~~~~~~~~~~~~~~~^~~~~
../Drivers/MAX30100/max30100_for_stm32_hal.c: In function 'MAX30100_PlotIrToUART':
../Drivers/MAX30100/max30100_for_stm32_hal.c:139:42: warning: pointer targets in passing argument 2 of 'HAL_UART_Transmit' differ in signedness [-Wpointer-sign]
  139 |                 HAL_UART_Transmit(uuart, data, strlen(data), MAX30100_TIMEOUT);
      |                                          ^~~~
      |                                          |
      |                                          char *
../Drivers/STM32G0xx_HAL_Driver/Inc/stm32g0xx_hal_uart.h:1633:79: note: expected 'const uint8_t *' {aka 'const unsigned char *'} but argument is of type 'char *'
 1633 | HAL_StatusTypeDef HAL_UART_Transmit(UART_HandleTypeDef *huart, const uint8_t *pData, uint16_t Size, uint32_t Timeout);
      |                                                                ~~~~~~~~~~~~~~~^~~~~
../Drivers/MAX30100/max30100_for_stm32_hal.c: In function 'MAX30100_PlotBothToUART':
../Drivers/MAX30100/max30100_for_stm32_hal.c:147:42: warning: pointer targets in passing argument 2 of 'HAL_UART_Transmit' differ in signedness [-Wpointer-sign]
  147 |                 HAL_UART_Transmit(uuart, data, strlen(data), MAX30100_TIMEOUT);
      |                                          ^~~~
      |                                          |
      |                                          char *
../Drivers/STM32G0xx_HAL_Driver/Inc/stm32g0xx_hal_uart.h:1633:79: note: expected 'const uint8_t *' {aka 'const unsigned char *'} but argument is of type 'char *'
 1633 | HAL_StatusTypeDef HAL_UART_Transmit(UART_HandleTypeDef *huart, const uint8_t *pData, uint16_t Size, uint32_t Timeout);
      |                                                                ~~~~~~~~~~~~~~~^~~~~
../Drivers/MAX30100/max30100_for_stm32_hal.c: In function 'MAX30100_CalculateBPM':
../Drivers/MAX30100/max30100_for_stm32_hal.c:183:61: error: 'i' undeclared (first use in this function)
  183 |     sprintf(uart_buffer, "IR Sample[%d]: %d, Time: %d\r\n", i, _max30100_ir_sample[sample_index], _max30100_time_sample[sample_index]);
      |                                                             ^
../Drivers/MAX30100/max30100_for_stm32_hal.c:183:61: note: each undeclared identifier is reported only once for each function it appears in
../Drivers/MAX30100/max30100_for_stm32_hal.c:173:14: warning: unused variable 'current_time' [-Wunused-variable]
  173 |     uint32_t current_time = HAL_GetTick();  // Get system time in milliseconds
      |              ^~~~~~~~~~~~
make: *** [Drivers/MAX30100/subdir.mk:19: Drivers/MAX30100/max30100_for_stm32_hal.o] Error 1
make: *** Waiting for unfinished jobs....
"make -j16 all" terminated with exit code 2. Build might be incomplete.
10:25:45 **** Incremental Build of configuration Debug for project MAINProgram ****
make -j16 all 
arm-none-eabi-gcc "../Drivers/MAX30100/max30100_for_stm32_hal.c" -mcpu=cortex-m0plus -std=gnu11 -g3 -DDEBUG -DUSE_HAL_DRIVER -DSTM32G031xx -c -I../Core/Inc -I"C:/Users/chels/OneDrive - NAIT/term 4/CPME-2750 (Carlos)/New GitHub/cmpe2750-hardware-1242-a03-NareshKoirala/STM32CubeIDEDIR/MAINProgram/Drivers/MAX30100" -I"C:/Users/chels/OneDrive - NAIT/term 4/CPME-2750 (Carlos)/New GitHub/cmpe2750-hardware-1242-a03-NareshKoirala/STM32CubeIDEDIR/MAINProgram/Drivers/OLED" -I../Drivers/STM32G0xx_HAL_Driver/Inc -I../Drivers/STM32G0xx_HAL_Driver/Inc/Legacy -I../Drivers/CMSIS/Device/ST/STM32G0xx/Include -I../Drivers/CMSIS/Include -O0 -ffunction-sections -fdata-sections -Wall -fstack-usage -fcyclomatic-complexity -MMD -MP -MF"Drivers/MAX30100/max30100_for_stm32_hal.d" -MT"Drivers/MAX30100/max30100_for_stm32_hal.o" --specs=nano.specs -mfloat-abi=soft -mthumb -o "Drivers/MAX30100/max30100_for_stm32_hal.o"
../Drivers/MAX30100/max30100_for_stm32_hal.c: In function 'MAX30100_PlotTemperatureToUART':
../Drivers/MAX30100/max30100_for_stm32_hal.c:132:34: warning: pointer targets in passing argument 2 of 'HAL_UART_Transmit' differ in signedness [-Wpointer-sign]
  132 |         HAL_UART_Transmit(uuart, data, strlen(data), MAX30100_TIMEOUT);
      |                                  ^~~~
      |                                  |
      |                                  char *
In file included from ../Core/Inc/stm32g0xx_hal_conf.h:319,
                 from ../Drivers/STM32G0xx_HAL_Driver/Inc/stm32g0xx_hal.h:29,
                 from ../Core/Inc/main.h:30,
                 from ../Drivers/MAX30100/max30100_for_stm32_hal.h:5,
                 from ../Drivers/MAX30100/max30100_for_stm32_hal.c:3:
../Drivers/STM32G0xx_HAL_Driver/Inc/stm32g0xx_hal_uart.h:1633:79: note: expected 'const uint8_t *' {aka 'const unsigned char *'} but argument is of type 'char *'
 1633 | HAL_StatusTypeDef HAL_UART_Transmit(UART_HandleTypeDef *huart, const uint8_t *pData, uint16_t Size, uint32_t Timeout);
      |                                                                ~~~~~~~~~~~~~~~^~~~~
../Drivers/MAX30100/max30100_for_stm32_hal.c: In function 'MAX30100_PlotIrToUART':
../Drivers/MAX30100/max30100_for_stm32_hal.c:139:42: warning: pointer targets in passing argument 2 of 'HAL_UART_Transmit' differ in signedness [-Wpointer-sign]
  139 |                 HAL_UART_Transmit(uuart, data, strlen(data), MAX30100_TIMEOUT);
      |                                          ^~~~
      |                                          |
      |                                          char *
../Drivers/STM32G0xx_HAL_Driver/Inc/stm32g0xx_hal_uart.h:1633:79: note: expected 'const uint8_t *' {aka 'const unsigned char *'} but argument is of type 'char *'
 1633 | HAL_StatusTypeDef HAL_UART_Transmit(UART_HandleTypeDef *huart, const uint8_t *pData, uint16_t Size, uint32_t Timeout);
      |                                                                ~~~~~~~~~~~~~~~^~~~~
../Drivers/MAX30100/max30100_for_stm32_hal.c: In function 'MAX30100_PlotBothToUART':
../Drivers/MAX30100/max30100_for_stm32_hal.c:147:42: warning: pointer targets in passing argument 2 of 'HAL_UART_Transmit' differ in signedness [-Wpointer-sign]
  147 |                 HAL_UART_Transmit(uuart, data, strlen(data), MAX30100_TIMEOUT);
      |                                          ^~~~
      |                                          |
      |                                          char *
../Drivers/STM32G0xx_HAL_Driver/Inc/stm32g0xx_hal_uart.h:1633:79: note: expected 'const uint8_t *' {aka 'const unsigned char *'} but argument is of type 'char *'
 1633 | HAL_StatusTypeDef HAL_UART_Transmit(UART_HandleTypeDef *huart, const uint8_t *pData, uint16_t Size, uint32_t Timeout);
      |                                                                ~~~~~~~~~~~~~~~^~~~~
../Drivers/MAX30100/max30100_for_stm32_hal.c: In function 'MAX30100_CalculateBPM':
../Drivers/MAX30100/max30100_for_stm32_hal.c:173:14: warning: unused variable 'current_time' [-Wunused-variable]
  173 |     uint32_t current_time = HAL_GetTick();  // Get system time in milliseconds
      |              ^~~~~~~~~~~~
arm-none-eabi-gcc -o "MAINProgram.elf" @"objects.list"   -mcpu=cortex-m0plus -T"C:\Users\chels\OneDrive - NAIT\term 4\CPME-2750 (Carlos)\New GitHub\cmpe2750-hardware-1242-a03-NareshKoirala\STM32CubeIDEDIR\MAINProgram\STM32G031K8TX_FLASH.ld" --specs=nosys.specs -Wl,-Map="MAINProgram.map" -Wl,--gc-sections -static -u _printf_float --specs=nano.specs -mfloat-abi=soft -mthumb -Wl,--start-group -lc -lm -Wl,--end-group
Finished building target: MAINProgram.elf
 
arm-none-eabi-size  MAINProgram.elf 
arm-none-eabi-objdump -h -S MAINProgram.elf  > "MAINProgram.list"
   text	   data	    bss	    dec	    hex	filename
  42032	    468	   3292	  45792	   b2e0	MAINProgram.elf
Finished building: default.size.stdout
 
Finished building: MAINProgram.list
 
10:29:08 **** Incremental Build of configuration Debug for project MAINProgram ****
make -j16 all 
arm-none-eabi-gcc "../Drivers/MAX30100/max30100_for_stm32_hal.c" -mcpu=cortex-m0plus -std=gnu11 -g3 -DDEBUG -DUSE_HAL_DRIVER -DSTM32G031xx -c -I../Core/Inc -I"C:/Users/chels/OneDrive - NAIT/term 4/CPME-2750 (Carlos)/New GitHub/cmpe2750-hardware-1242-a03-NareshKoirala/STM32CubeIDEDIR/MAINProgram/Drivers/MAX30100" -I"C:/Users/chels/OneDrive - NAIT/term 4/CPME-2750 (Carlos)/New GitHub/cmpe2750-hardware-1242-a03-NareshKoirala/STM32CubeIDEDIR/MAINProgram/Drivers/OLED" -I../Drivers/STM32G0xx_HAL_Driver/Inc -I../Drivers/STM32G0xx_HAL_Driver/Inc/Legacy -I../Drivers/CMSIS/Device/ST/STM32G0xx/Include -I../Drivers/CMSIS/Include -O0 -ffunction-sections -fdata-sections -Wall -fstack-usage -fcyclomatic-complexity -MMD -MP -MF"Drivers/MAX30100/max30100_for_stm32_hal.d" -MT"Drivers/MAX30100/max30100_for_stm32_hal.o" --specs=nano.specs -mfloat-abi=soft -mthumb -o "Drivers/MAX30100/max30100_for_stm32_hal.o"
../Drivers/MAX30100/max30100_for_stm32_hal.c: In function 'MAX30100_PlotTemperatureToUART':
../Drivers/MAX30100/max30100_for_stm32_hal.c:132:34: warning: pointer targets in passing argument 2 of 'HAL_UART_Transmit' differ in signedness [-Wpointer-sign]
  132 |         HAL_UART_Transmit(uuart, data, strlen(data), MAX30100_TIMEOUT);
      |                                  ^~~~
      |                                  |
      |                                  char *
In file included from ../Core/Inc/stm32g0xx_hal_conf.h:319,
                 from ../Drivers/STM32G0xx_HAL_Driver/Inc/stm32g0xx_hal.h:29,
                 from ../Core/Inc/main.h:30,
                 from ../Drivers/MAX30100/max30100_for_stm32_hal.h:5,
                 from ../Drivers/MAX30100/max30100_for_stm32_hal.c:3:
../Drivers/STM32G0xx_HAL_Driver/Inc/stm32g0xx_hal_uart.h:1633:79: note: expected 'const uint8_t *' {aka 'const unsigned char *'} but argument is of type 'char *'
 1633 | HAL_StatusTypeDef HAL_UART_Transmit(UART_HandleTypeDef *huart, const uint8_t *pData, uint16_t Size, uint32_t Timeout);
      |                                                                ~~~~~~~~~~~~~~~^~~~~
../Drivers/MAX30100/max30100_for_stm32_hal.c: In function 'MAX30100_PlotIrToUART':
../Drivers/MAX30100/max30100_for_stm32_hal.c:139:42: warning: pointer targets in passing argument 2 of 'HAL_UART_Transmit' differ in signedness [-Wpointer-sign]
  139 |                 HAL_UART_Transmit(uuart, data, strlen(data), MAX30100_TIMEOUT);
      |                                          ^~~~
      |                                          |
      |                                          char *
../Drivers/STM32G0xx_HAL_Driver/Inc/stm32g0xx_hal_uart.h:1633:79: note: expected 'const uint8_t *' {aka 'const unsigned char *'} but argument is of type 'char *'
 1633 | HAL_StatusTypeDef HAL_UART_Transmit(UART_HandleTypeDef *huart, const uint8_t *pData, uint16_t Size, uint32_t Timeout);
      |                                                                ~~~~~~~~~~~~~~~^~~~~
../Drivers/MAX30100/max30100_for_stm32_hal.c: In function 'MAX30100_PlotBothToUART':
../Drivers/MAX30100/max30100_for_stm32_hal.c:147:42: warning: pointer targets in passing argument 2 of 'HAL_UART_Transmit' differ in signedness [-Wpointer-sign]
  147 |                 HAL_UART_Transmit(uuart, data, strlen(data), MAX30100_TIMEOUT);
      |                                          ^~~~
      |                                          |
      |                                          char *
../Drivers/STM32G0xx_HAL_Driver/Inc/stm32g0xx_hal_uart.h:1633:79: note: expected 'const uint8_t *' {aka 'const unsigned char *'} but argument is of type 'char *'
 1633 | HAL_StatusTypeDef HAL_UART_Transmit(UART_HandleTypeDef *huart, const uint8_t *pData, uint16_t Size, uint32_t Timeout);
      |                                                                ~~~~~~~~~~~~~~~^~~~~
../Drivers/MAX30100/max30100_for_stm32_hal.c: In function 'MAX30100_CalculateBPM':
../Drivers/MAX30100/max30100_for_stm32_hal.c:197:82: warning: format '%d' expects argument of type 'int', but argument 8 has type 'uint32_t' {aka 'long unsigned int'} [-Wformat=]
  197 |     sprintf(uart_buffer, "IR Sample[%d]: %d, Time: %d, High: %d, Low: %d, Diff: %d\r\n", sample_index, _max30100_ir_sample[sample_index], _max30100_time_sample[sample_index], high, low, time_diff);
      |                                                                                 ~^                                                                                                        ~~~~~~~~~
      |                                                                                  |                                                                                                        |
      |                                                                                  int                                                                                                      uint32_t {aka long unsigned int}
      |                                                                                 %ld
../Drivers/MAX30100/max30100_for_stm32_hal.c:173:14: warning: unused variable 'current_time' [-Wunused-variable]
  173 |     uint32_t current_time = HAL_GetTick();  // Get system time in milliseconds
      |              ^~~~~~~~~~~~
../Drivers/MAX30100/max30100_for_stm32_hal.c:197:64: warning: ', Low: ' directive writing 7 bytes into a region of size between 5 and 17 [-Wformat-overflow=]
  197 |     sprintf(uart_buffer, "IR Sample[%d]: %d, Time: %d, High: %d, Low: %d, Diff: %d\r\n", sample_index, _max30100_ir_sample[sample_index], _max30100_time_sample[sample_index], high, low, time_diff);
      |                                                                ^~~~~~~
../Drivers/MAX30100/max30100_for_stm32_hal.c:197:26: note: directive argument in the range [0, 255]
  197 |     sprintf(uart_buffer, "IR Sample[%d]: %d, Time: %d, High: %d, Low: %d, Diff: %d\r\n", sample_index, _max30100_ir_sample[sample_index], _max30100_time_sample[sample_index], high, low, time_diff);
      |                          ^~~~~~~~~~~~~~~~~~~~~~~~~~~~~~~~~~~~~~~~~~~~~~~~~~~~~~~~~~~~~~
../Drivers/MAX30100/max30100_for_stm32_hal.c:197:26: note: using the range [-2147483648, 2147483647] for directive argument
../Drivers/MAX30100/max30100_for_stm32_hal.c:197:5: note: 'sprintf' output between 53 and 77 bytes into a destination of size 50
  197 |     sprintf(uart_buffer, "IR Sample[%d]: %d, Time: %d, High: %d, Low: %d, Diff: %d\r\n", sample_index, _max30100_ir_sample[sample_index], _max30100_time_sample[sample_index], high, low, time_diff);
      |     ^~~~~~~~~~~~~~~~~~~~~~~~~~~~~~~~~~~~~~~~~~~~~~~~~~~~~~~~~~~~~~~~~~~~~~~~~~~~~~~~~~~~~~~~~~~~~~~~~~~~~~~~~~~~~~~~~~~~~~~~~~~~~~~~~~~~~~~~~~~~~~~~~~~~~~~~~~~~~~~~~~~~~~~~~~~~~~~~~~~~~~~~~~~~~~~~
arm-none-eabi-gcc -o "MAINProgram.elf" @"objects.list"   -mcpu=cortex-m0plus -T"C:\Users\chels\OneDrive - NAIT\term 4\CPME-2750 (Carlos)\New GitHub\cmpe2750-hardware-1242-a03-NareshKoirala\STM32CubeIDEDIR\MAINProgram\STM32G031K8TX_FLASH.ld" --specs=nosys.specs -Wl,-Map="MAINProgram.map" -Wl,--gc-sections -static -u _printf_float --specs=nano.specs -mfloat-abi=soft -mthumb -Wl,--start-group -lc -lm -Wl,--end-group
Finished building target: MAINProgram.elf
 
arm-none-eabi-size  MAINProgram.elf 
arm-none-eabi-objdump -h -S MAINProgram.elf  > "MAINProgram.list"
   text	   data	    bss	    dec	    hex	filename
  42072	    468	   3292	  45832	   b308	MAINProgram.elf
Finished building: default.size.stdout
 
Finished building: MAINProgram.list
 
10:31:08 **** Incremental Build of configuration Debug for project MAINProgram ****
make -j16 all 
arm-none-eabi-gcc "../Drivers/MAX30100/max30100_for_stm32_hal.c" -mcpu=cortex-m0plus -std=gnu11 -g3 -DDEBUG -DUSE_HAL_DRIVER -DSTM32G031xx -c -I../Core/Inc -I"C:/Users/chels/OneDrive - NAIT/term 4/CPME-2750 (Carlos)/New GitHub/cmpe2750-hardware-1242-a03-NareshKoirala/STM32CubeIDEDIR/MAINProgram/Drivers/MAX30100" -I"C:/Users/chels/OneDrive - NAIT/term 4/CPME-2750 (Carlos)/New GitHub/cmpe2750-hardware-1242-a03-NareshKoirala/STM32CubeIDEDIR/MAINProgram/Drivers/OLED" -I../Drivers/STM32G0xx_HAL_Driver/Inc -I../Drivers/STM32G0xx_HAL_Driver/Inc/Legacy -I../Drivers/CMSIS/Device/ST/STM32G0xx/Include -I../Drivers/CMSIS/Include -O0 -ffunction-sections -fdata-sections -Wall -fstack-usage -fcyclomatic-complexity -MMD -MP -MF"Drivers/MAX30100/max30100_for_stm32_hal.d" -MT"Drivers/MAX30100/max30100_for_stm32_hal.o" --specs=nano.specs -mfloat-abi=soft -mthumb -o "Drivers/MAX30100/max30100_for_stm32_hal.o"
../Drivers/MAX30100/max30100_for_stm32_hal.c: In function 'MAX30100_PlotTemperatureToUART':
../Drivers/MAX30100/max30100_for_stm32_hal.c:132:34: warning: pointer targets in passing argument 2 of 'HAL_UART_Transmit' differ in signedness [-Wpointer-sign]
  132 |         HAL_UART_Transmit(uuart, data, strlen(data), MAX30100_TIMEOUT);
      |                                  ^~~~
      |                                  |
      |                                  char *
In file included from ../Core/Inc/stm32g0xx_hal_conf.h:319,
                 from ../Drivers/STM32G0xx_HAL_Driver/Inc/stm32g0xx_hal.h:29,
                 from ../Core/Inc/main.h:30,
                 from ../Drivers/MAX30100/max30100_for_stm32_hal.h:5,
                 from ../Drivers/MAX30100/max30100_for_stm32_hal.c:3:
../Drivers/STM32G0xx_HAL_Driver/Inc/stm32g0xx_hal_uart.h:1633:79: note: expected 'const uint8_t *' {aka 'const unsigned char *'} but argument is of type 'char *'
 1633 | HAL_StatusTypeDef HAL_UART_Transmit(UART_HandleTypeDef *huart, const uint8_t *pData, uint16_t Size, uint32_t Timeout);
      |                                                                ~~~~~~~~~~~~~~~^~~~~
../Drivers/MAX30100/max30100_for_stm32_hal.c: In function 'MAX30100_PlotIrToUART':
../Drivers/MAX30100/max30100_for_stm32_hal.c:139:42: warning: pointer targets in passing argument 2 of 'HAL_UART_Transmit' differ in signedness [-Wpointer-sign]
  139 |                 HAL_UART_Transmit(uuart, data, strlen(data), MAX30100_TIMEOUT);
      |                                          ^~~~
      |                                          |
      |                                          char *
../Drivers/STM32G0xx_HAL_Driver/Inc/stm32g0xx_hal_uart.h:1633:79: note: expected 'const uint8_t *' {aka 'const unsigned char *'} but argument is of type 'char *'
 1633 | HAL_StatusTypeDef HAL_UART_Transmit(UART_HandleTypeDef *huart, const uint8_t *pData, uint16_t Size, uint32_t Timeout);
      |                                                                ~~~~~~~~~~~~~~~^~~~~
../Drivers/MAX30100/max30100_for_stm32_hal.c: In function 'MAX30100_PlotBothToUART':
../Drivers/MAX30100/max30100_for_stm32_hal.c:147:42: warning: pointer targets in passing argument 2 of 'HAL_UART_Transmit' differ in signedness [-Wpointer-sign]
  147 |                 HAL_UART_Transmit(uuart, data, strlen(data), MAX30100_TIMEOUT);
      |                                          ^~~~
      |                                          |
      |                                          char *
../Drivers/STM32G0xx_HAL_Driver/Inc/stm32g0xx_hal_uart.h:1633:79: note: expected 'const uint8_t *' {aka 'const unsigned char *'} but argument is of type 'char *'
 1633 | HAL_StatusTypeDef HAL_UART_Transmit(UART_HandleTypeDef *huart, const uint8_t *pData, uint16_t Size, uint32_t Timeout);
      |                                                                ~~~~~~~~~~~~~~~^~~~~
../Drivers/MAX30100/max30100_for_stm32_hal.c: In function 'MAX30100_CalculateBPM':
../Drivers/MAX30100/max30100_for_stm32_hal.c:200:82: warning: format '%d' expects argument of type 'int', but argument 8 has type 'uint32_t' {aka 'long unsigned int'} [-Wformat=]
  200 |     sprintf(uart_buffer, "IR Sample[%d]: %d, Time: %d, High: %d, Low: %d, Diff: %d\r\n", sample_index, _max30100_ir_sample[sample_index], _max30100_time_sample[sample_index], high, low, time_diff);
      |                                                                                 ~^                                                                                                        ~~~~~~~~~
      |                                                                                  |                                                                                                        |
      |                                                                                  int                                                                                                      uint32_t {aka long unsigned int}
      |                                                                                 %ld
../Drivers/MAX30100/max30100_for_stm32_hal.c:173:14: warning: unused variable 'current_time' [-Wunused-variable]
  173 |     uint32_t current_time = HAL_GetTick();  // Get system time in milliseconds
      |              ^~~~~~~~~~~~
../Drivers/MAX30100/max30100_for_stm32_hal.c:200:64: warning: ', Low: ' directive writing 7 bytes into a region of size between 5 and 17 [-Wformat-overflow=]
  200 |     sprintf(uart_buffer, "IR Sample[%d]: %d, Time: %d, High: %d, Low: %d, Diff: %d\r\n", sample_index, _max30100_ir_sample[sample_index], _max30100_time_sample[sample_index], high, low, time_diff);
      |                                                                ^~~~~~~
../Drivers/MAX30100/max30100_for_stm32_hal.c:200:26: note: directive argument in the range [0, 255]
  200 |     sprintf(uart_buffer, "IR Sample[%d]: %d, Time: %d, High: %d, Low: %d, Diff: %d\r\n", sample_index, _max30100_ir_sample[sample_index], _max30100_time_sample[sample_index], high, low, time_diff);
      |                          ^~~~~~~~~~~~~~~~~~~~~~~~~~~~~~~~~~~~~~~~~~~~~~~~~~~~~~~~~~~~~~
../Drivers/MAX30100/max30100_for_stm32_hal.c:200:26: note: using the range [-2147483648, 2147483647] for directive argument
../Drivers/MAX30100/max30100_for_stm32_hal.c:200:5: note: 'sprintf' output between 53 and 77 bytes into a destination of size 50
  200 |     sprintf(uart_buffer, "IR Sample[%d]: %d, Time: %d, High: %d, Low: %d, Diff: %d\r\n", sample_index, _max30100_ir_sample[sample_index], _max30100_time_sample[sample_index], high, low, time_diff);
      |     ^~~~~~~~~~~~~~~~~~~~~~~~~~~~~~~~~~~~~~~~~~~~~~~~~~~~~~~~~~~~~~~~~~~~~~~~~~~~~~~~~~~~~~~~~~~~~~~~~~~~~~~~~~~~~~~~~~~~~~~~~~~~~~~~~~~~~~~~~~~~~~~~~~~~~~~~~~~~~~~~~~~~~~~~~~~~~~~~~~~~~~~~~~~~~~~~
arm-none-eabi-gcc -o "MAINProgram.elf" @"objects.list"   -mcpu=cortex-m0plus -T"C:\Users\chels\OneDrive - NAIT\term 4\CPME-2750 (Carlos)\New GitHub\cmpe2750-hardware-1242-a03-NareshKoirala\STM32CubeIDEDIR\MAINProgram\STM32G031K8TX_FLASH.ld" --specs=nosys.specs -Wl,-Map="MAINProgram.map" -Wl,--gc-sections -static -u _printf_float --specs=nano.specs -mfloat-abi=soft -mthumb -Wl,--start-group -lc -lm -Wl,--end-group
Finished building target: MAINProgram.elf
 
arm-none-eabi-size  MAINProgram.elf 
arm-none-eabi-objdump -h -S MAINProgram.elf  > "MAINProgram.list"
   text	   data	    bss	    dec	    hex	filename
  42072	    468	   3292	  45832	   b308	MAINProgram.elf
Finished building: default.size.stdout
 
Finished building: MAINProgram.list
 
10:33:50 **** Incremental Build of configuration Debug for project MAINProgram ****
make -j16 all 
arm-none-eabi-gcc "../Drivers/MAX30100/max30100_for_stm32_hal.c" -mcpu=cortex-m0plus -std=gnu11 -g3 -DDEBUG -DUSE_HAL_DRIVER -DSTM32G031xx -c -I../Core/Inc -I"C:/Users/chels/OneDrive - NAIT/term 4/CPME-2750 (Carlos)/New GitHub/cmpe2750-hardware-1242-a03-NareshKoirala/STM32CubeIDEDIR/MAINProgram/Drivers/MAX30100" -I"C:/Users/chels/OneDrive - NAIT/term 4/CPME-2750 (Carlos)/New GitHub/cmpe2750-hardware-1242-a03-NareshKoirala/STM32CubeIDEDIR/MAINProgram/Drivers/OLED" -I../Drivers/STM32G0xx_HAL_Driver/Inc -I../Drivers/STM32G0xx_HAL_Driver/Inc/Legacy -I../Drivers/CMSIS/Device/ST/STM32G0xx/Include -I../Drivers/CMSIS/Include -O0 -ffunction-sections -fdata-sections -Wall -fstack-usage -fcyclomatic-complexity -MMD -MP -MF"Drivers/MAX30100/max30100_for_stm32_hal.d" -MT"Drivers/MAX30100/max30100_for_stm32_hal.o" --specs=nano.specs -mfloat-abi=soft -mthumb -o "Drivers/MAX30100/max30100_for_stm32_hal.o"
../Drivers/MAX30100/max30100_for_stm32_hal.c: In function 'MAX30100_PlotTemperatureToUART':
../Drivers/MAX30100/max30100_for_stm32_hal.c:132:34: warning: pointer targets in passing argument 2 of 'HAL_UART_Transmit' differ in signedness [-Wpointer-sign]
  132 |         HAL_UART_Transmit(uuart, data, strlen(data), MAX30100_TIMEOUT);
      |                                  ^~~~
      |                                  |
      |                                  char *
In file included from ../Core/Inc/stm32g0xx_hal_conf.h:319,
                 from ../Drivers/STM32G0xx_HAL_Driver/Inc/stm32g0xx_hal.h:29,
                 from ../Core/Inc/main.h:30,
                 from ../Drivers/MAX30100/max30100_for_stm32_hal.h:5,
                 from ../Drivers/MAX30100/max30100_for_stm32_hal.c:3:
../Drivers/STM32G0xx_HAL_Driver/Inc/stm32g0xx_hal_uart.h:1633:79: note: expected 'const uint8_t *' {aka 'const unsigned char *'} but argument is of type 'char *'
 1633 | HAL_StatusTypeDef HAL_UART_Transmit(UART_HandleTypeDef *huart, const uint8_t *pData, uint16_t Size, uint32_t Timeout);
      |                                                                ~~~~~~~~~~~~~~~^~~~~
../Drivers/MAX30100/max30100_for_stm32_hal.c: In function 'MAX30100_PlotIrToUART':
../Drivers/MAX30100/max30100_for_stm32_hal.c:139:42: warning: pointer targets in passing argument 2 of 'HAL_UART_Transmit' differ in signedness [-Wpointer-sign]
  139 |                 HAL_UART_Transmit(uuart, data, strlen(data), MAX30100_TIMEOUT);
      |                                          ^~~~
      |                                          |
      |                                          char *
../Drivers/STM32G0xx_HAL_Driver/Inc/stm32g0xx_hal_uart.h:1633:79: note: expected 'const uint8_t *' {aka 'const unsigned char *'} but argument is of type 'char *'
 1633 | HAL_StatusTypeDef HAL_UART_Transmit(UART_HandleTypeDef *huart, const uint8_t *pData, uint16_t Size, uint32_t Timeout);
      |                                                                ~~~~~~~~~~~~~~~^~~~~
../Drivers/MAX30100/max30100_for_stm32_hal.c: In function 'MAX30100_PlotBothToUART':
../Drivers/MAX30100/max30100_for_stm32_hal.c:147:42: warning: pointer targets in passing argument 2 of 'HAL_UART_Transmit' differ in signedness [-Wpointer-sign]
  147 |                 HAL_UART_Transmit(uuart, data, strlen(data), MAX30100_TIMEOUT);
      |                                          ^~~~
      |                                          |
      |                                          char *
../Drivers/STM32G0xx_HAL_Driver/Inc/stm32g0xx_hal_uart.h:1633:79: note: expected 'const uint8_t *' {aka 'const unsigned char *'} but argument is of type 'char *'
 1633 | HAL_StatusTypeDef HAL_UART_Transmit(UART_HandleTypeDef *huart, const uint8_t *pData, uint16_t Size, uint32_t Timeout);
      |                                                                ~~~~~~~~~~~~~~~^~~~~
../Drivers/MAX30100/max30100_for_stm32_hal.c: In function 'MAX30100_CalculateBPM':
../Drivers/MAX30100/max30100_for_stm32_hal.c:200:63: warning: format '%d' expects argument of type 'int', but argument 6 has type 'uint32_t' {aka 'long unsigned int'} [-Wformat=]
  200 |     sprintf(uart_buffer, "IR Sample[%d]: %d, Time: %d, Diff: %d\r\n", sample_index, _max30100_ir_sample[sample_index], _max30100_time_sample[sample_index],time_diff);
      |                                                              ~^                                                                                            ~~~~~~~~~
      |                                                               |                                                                                            |
      |                                                               int                                                                                          uint32_t {aka long unsigned int}
      |                                                              %ld
../Drivers/MAX30100/max30100_for_stm32_hal.c:173:14: warning: unused variable 'current_time' [-Wunused-variable]
  173 |     uint32_t current_time = HAL_GetTick();  // Get system time in milliseconds
      |              ^~~~~~~~~~~~
arm-none-eabi-gcc -o "MAINProgram.elf" @"objects.list"   -mcpu=cortex-m0plus -T"C:\Users\chels\OneDrive - NAIT\term 4\CPME-2750 (Carlos)\New GitHub\cmpe2750-hardware-1242-a03-NareshKoirala\STM32CubeIDEDIR\MAINProgram\STM32G031K8TX_FLASH.ld" --specs=nosys.specs -Wl,-Map="MAINProgram.map" -Wl,--gc-sections -static -u _printf_float --specs=nano.specs -mfloat-abi=soft -mthumb -Wl,--start-group -lc -lm -Wl,--end-group
Finished building target: MAINProgram.elf
 
arm-none-eabi-size  MAINProgram.elf 
arm-none-eabi-objdump -h -S MAINProgram.elf  > "MAINProgram.list"
   text	   data	    bss	    dec	    hex	filename
  42736	    468	   3292	  46496	   b5a0	MAINProgram.elf
Finished building: default.size.stdout
 
Finished building: MAINProgram.list
 
10:34:18 **** Incremental Build of configuration Debug for project MAINProgram ****
make -j16 all 
arm-none-eabi-gcc "../Drivers/MAX30100/max30100_for_stm32_hal.c" -mcpu=cortex-m0plus -std=gnu11 -g3 -DDEBUG -DUSE_HAL_DRIVER -DSTM32G031xx -c -I../Core/Inc -I"C:/Users/chels/OneDrive - NAIT/term 4/CPME-2750 (Carlos)/New GitHub/cmpe2750-hardware-1242-a03-NareshKoirala/STM32CubeIDEDIR/MAINProgram/Drivers/MAX30100" -I"C:/Users/chels/OneDrive - NAIT/term 4/CPME-2750 (Carlos)/New GitHub/cmpe2750-hardware-1242-a03-NareshKoirala/STM32CubeIDEDIR/MAINProgram/Drivers/OLED" -I../Drivers/STM32G0xx_HAL_Driver/Inc -I../Drivers/STM32G0xx_HAL_Driver/Inc/Legacy -I../Drivers/CMSIS/Device/ST/STM32G0xx/Include -I../Drivers/CMSIS/Include -O0 -ffunction-sections -fdata-sections -Wall -fstack-usage -fcyclomatic-complexity -MMD -MP -MF"Drivers/MAX30100/max30100_for_stm32_hal.d" -MT"Drivers/MAX30100/max30100_for_stm32_hal.o" --specs=nano.specs -mfloat-abi=soft -mthumb -o "Drivers/MAX30100/max30100_for_stm32_hal.o"
../Drivers/MAX30100/max30100_for_stm32_hal.c: In function 'MAX30100_PlotTemperatureToUART':
../Drivers/MAX30100/max30100_for_stm32_hal.c:132:34: warning: pointer targets in passing argument 2 of 'HAL_UART_Transmit' differ in signedness [-Wpointer-sign]
  132 |         HAL_UART_Transmit(uuart, data, strlen(data), MAX30100_TIMEOUT);
      |                                  ^~~~
      |                                  |
      |                                  char *
In file included from ../Core/Inc/stm32g0xx_hal_conf.h:319,
                 from ../Drivers/STM32G0xx_HAL_Driver/Inc/stm32g0xx_hal.h:29,
                 from ../Core/Inc/main.h:30,
                 from ../Drivers/MAX30100/max30100_for_stm32_hal.h:5,
                 from ../Drivers/MAX30100/max30100_for_stm32_hal.c:3:
../Drivers/STM32G0xx_HAL_Driver/Inc/stm32g0xx_hal_uart.h:1633:79: note: expected 'const uint8_t *' {aka 'const unsigned char *'} but argument is of type 'char *'
 1633 | HAL_StatusTypeDef HAL_UART_Transmit(UART_HandleTypeDef *huart, const uint8_t *pData, uint16_t Size, uint32_t Timeout);
      |                                                                ~~~~~~~~~~~~~~~^~~~~
../Drivers/MAX30100/max30100_for_stm32_hal.c: In function 'MAX30100_PlotIrToUART':
../Drivers/MAX30100/max30100_for_stm32_hal.c:139:42: warning: pointer targets in passing argument 2 of 'HAL_UART_Transmit' differ in signedness [-Wpointer-sign]
  139 |                 HAL_UART_Transmit(uuart, data, strlen(data), MAX30100_TIMEOUT);
      |                                          ^~~~
      |                                          |
      |                                          char *
../Drivers/STM32G0xx_HAL_Driver/Inc/stm32g0xx_hal_uart.h:1633:79: note: expected 'const uint8_t *' {aka 'const unsigned char *'} but argument is of type 'char *'
 1633 | HAL_StatusTypeDef HAL_UART_Transmit(UART_HandleTypeDef *huart, const uint8_t *pData, uint16_t Size, uint32_t Timeout);
      |                                                                ~~~~~~~~~~~~~~~^~~~~
../Drivers/MAX30100/max30100_for_stm32_hal.c: In function 'MAX30100_PlotBothToUART':
../Drivers/MAX30100/max30100_for_stm32_hal.c:147:42: warning: pointer targets in passing argument 2 of 'HAL_UART_Transmit' differ in signedness [-Wpointer-sign]
  147 |                 HAL_UART_Transmit(uuart, data, strlen(data), MAX30100_TIMEOUT);
      |                                          ^~~~
      |                                          |
      |                                          char *
../Drivers/STM32G0xx_HAL_Driver/Inc/stm32g0xx_hal_uart.h:1633:79: note: expected 'const uint8_t *' {aka 'const unsigned char *'} but argument is of type 'char *'
 1633 | HAL_StatusTypeDef HAL_UART_Transmit(UART_HandleTypeDef *huart, const uint8_t *pData, uint16_t Size, uint32_t Timeout);
      |                                                                ~~~~~~~~~~~~~~~^~~~~
../Drivers/MAX30100/max30100_for_stm32_hal.c: In function 'MAX30100_CalculateBPM':
../Drivers/MAX30100/max30100_for_stm32_hal.c:200:63: warning: format '%u' expects argument of type 'unsigned int', but argument 6 has type 'uint32_t' {aka 'long unsigned int'} [-Wformat=]
  200 |     sprintf(uart_buffer, "IR Sample[%d]: %d, Time: %d, Diff: %u\r\n", sample_index, _max30100_ir_sample[sample_index], _max30100_time_sample[sample_index],time_diff);
      |                                                              ~^                                                                                            ~~~~~~~~~
      |                                                               |                                                                                            |
      |                                                               unsigned int                                                                                 uint32_t {aka long unsigned int}
      |                                                              %lu
../Drivers/MAX30100/max30100_for_stm32_hal.c:173:14: warning: unused variable 'current_time' [-Wunused-variable]
  173 |     uint32_t current_time = HAL_GetTick();  // Get system time in milliseconds
      |              ^~~~~~~~~~~~
arm-none-eabi-gcc -o "MAINProgram.elf" @"objects.list"   -mcpu=cortex-m0plus -T"C:\Users\chels\OneDrive - NAIT\term 4\CPME-2750 (Carlos)\New GitHub\cmpe2750-hardware-1242-a03-NareshKoirala\STM32CubeIDEDIR\MAINProgram\STM32G031K8TX_FLASH.ld" --specs=nosys.specs -Wl,-Map="MAINProgram.map" -Wl,--gc-sections -static -u _printf_float --specs=nano.specs -mfloat-abi=soft -mthumb -Wl,--start-group -lc -lm -Wl,--end-group
Finished building target: MAINProgram.elf
 
arm-none-eabi-size  MAINProgram.elf 
arm-none-eabi-objdump -h -S MAINProgram.elf  > "MAINProgram.list"
   text	   data	    bss	    dec	    hex	filename
  42736	    468	   3292	  46496	   b5a0	MAINProgram.elf
Finished building: default.size.stdout
 
Finished building: MAINProgram.list
 
10:34:29 **** Incremental Build of configuration Debug for project MAINProgram ****
make -j16 all 
arm-none-eabi-gcc "../Drivers/MAX30100/max30100_for_stm32_hal.c" -mcpu=cortex-m0plus -std=gnu11 -g3 -DDEBUG -DUSE_HAL_DRIVER -DSTM32G031xx -c -I../Core/Inc -I"C:/Users/chels/OneDrive - NAIT/term 4/CPME-2750 (Carlos)/New GitHub/cmpe2750-hardware-1242-a03-NareshKoirala/STM32CubeIDEDIR/MAINProgram/Drivers/MAX30100" -I"C:/Users/chels/OneDrive - NAIT/term 4/CPME-2750 (Carlos)/New GitHub/cmpe2750-hardware-1242-a03-NareshKoirala/STM32CubeIDEDIR/MAINProgram/Drivers/OLED" -I../Drivers/STM32G0xx_HAL_Driver/Inc -I../Drivers/STM32G0xx_HAL_Driver/Inc/Legacy -I../Drivers/CMSIS/Device/ST/STM32G0xx/Include -I../Drivers/CMSIS/Include -O0 -ffunction-sections -fdata-sections -Wall -fstack-usage -fcyclomatic-complexity -MMD -MP -MF"Drivers/MAX30100/max30100_for_stm32_hal.d" -MT"Drivers/MAX30100/max30100_for_stm32_hal.o" --specs=nano.specs -mfloat-abi=soft -mthumb -o "Drivers/MAX30100/max30100_for_stm32_hal.o"
../Drivers/MAX30100/max30100_for_stm32_hal.c: In function 'MAX30100_PlotTemperatureToUART':
../Drivers/MAX30100/max30100_for_stm32_hal.c:132:34: warning: pointer targets in passing argument 2 of 'HAL_UART_Transmit' differ in signedness [-Wpointer-sign]
  132 |         HAL_UART_Transmit(uuart, data, strlen(data), MAX30100_TIMEOUT);
      |                                  ^~~~
      |                                  |
      |                                  char *
In file included from ../Core/Inc/stm32g0xx_hal_conf.h:319,
                 from ../Drivers/STM32G0xx_HAL_Driver/Inc/stm32g0xx_hal.h:29,
                 from ../Core/Inc/main.h:30,
                 from ../Drivers/MAX30100/max30100_for_stm32_hal.h:5,
                 from ../Drivers/MAX30100/max30100_for_stm32_hal.c:3:
../Drivers/STM32G0xx_HAL_Driver/Inc/stm32g0xx_hal_uart.h:1633:79: note: expected 'const uint8_t *' {aka 'const unsigned char *'} but argument is of type 'char *'
 1633 | HAL_StatusTypeDef HAL_UART_Transmit(UART_HandleTypeDef *huart, const uint8_t *pData, uint16_t Size, uint32_t Timeout);
      |                                                                ~~~~~~~~~~~~~~~^~~~~
../Drivers/MAX30100/max30100_for_stm32_hal.c: In function 'MAX30100_PlotIrToUART':
../Drivers/MAX30100/max30100_for_stm32_hal.c:139:42: warning: pointer targets in passing argument 2 of 'HAL_UART_Transmit' differ in signedness [-Wpointer-sign]
  139 |                 HAL_UART_Transmit(uuart, data, strlen(data), MAX30100_TIMEOUT);
      |                                          ^~~~
      |                                          |
      |                                          char *
../Drivers/STM32G0xx_HAL_Driver/Inc/stm32g0xx_hal_uart.h:1633:79: note: expected 'const uint8_t *' {aka 'const unsigned char *'} but argument is of type 'char *'
 1633 | HAL_StatusTypeDef HAL_UART_Transmit(UART_HandleTypeDef *huart, const uint8_t *pData, uint16_t Size, uint32_t Timeout);
      |                                                                ~~~~~~~~~~~~~~~^~~~~
../Drivers/MAX30100/max30100_for_stm32_hal.c: In function 'MAX30100_PlotBothToUART':
../Drivers/MAX30100/max30100_for_stm32_hal.c:147:42: warning: pointer targets in passing argument 2 of 'HAL_UART_Transmit' differ in signedness [-Wpointer-sign]
  147 |                 HAL_UART_Transmit(uuart, data, strlen(data), MAX30100_TIMEOUT);
      |                                          ^~~~
      |                                          |
      |                                          char *
[...]
   99 | extern uint16_t _max30100_red_sample[16];
      |                 ^~~~~~~~~~~~~~~~~~~~
C:/Users/chels/OneDrive - NAIT/term 4/CPME-2750 (Carlos)/New GitHub/cmpe2750-hardware-1242-a03-NareshKoirala/STM32CubeIDEDIR/MAINProgram/Drivers/MAX30100/max30100_for_stm32_hal.h:98:17: warning: unused variable '_max30100_ir_sample' [-Wunused-variable]
   98 | extern uint16_t _max30100_ir_sample[16];
      |                 ^~~~~~~~~~~~~~~~~~~
C:/Users/chels/OneDrive - NAIT/term 4/CPME-2750 (Carlos)/New GitHub/cmpe2750-hardware-1242-a03-NareshKoirala/STM32CubeIDEDIR/MAINProgram/Drivers/MAX30100/max30100_for_stm32_hal.h:97:16: warning: unused variable '_max30100_mode_prev' [-Wunused-variable]
   97 | extern uint8_t _max30100_mode_prev;
      |                ^~~~~~~~~~~~~~~~~~~
C:/Users/chels/OneDrive - NAIT/term 4/CPME-2750 (Carlos)/New GitHub/cmpe2750-hardware-1242-a03-NareshKoirala/STM32CubeIDEDIR/MAINProgram/Drivers/MAX30100/max30100_for_stm32_hal.h:96:16: warning: unused variable '_max30100_mode' [-Wunused-variable]
   96 | extern uint8_t _max30100_mode;
      |                ^~~~~~~~~~~~~~
C:/Users/chels/OneDrive - NAIT/term 4/CPME-2750 (Carlos)/New GitHub/cmpe2750-hardware-1242-a03-NareshKoirala/STM32CubeIDEDIR/MAINProgram/Drivers/MAX30100/max30100_for_stm32_hal.h:95:16: warning: unused variable '_max30100_it_byte' [-Wunused-variable]
   95 | extern uint8_t _max30100_it_byte;
      |                ^~~~~~~~~~~~~~~~~
C:/Users/chels/OneDrive - NAIT/term 4/CPME-2750 (Carlos)/New GitHub/cmpe2750-hardware-1242-a03-NareshKoirala/STM32CubeIDEDIR/MAINProgram/Drivers/MAX30100/max30100_for_stm32_hal.h:94:28: warning: unused variable '_max30100_uuart' [-Wunused-variable]
   94 | extern UART_HandleTypeDef *_max30100_uuart;
      |                            ^~~~~~~~~~~~~~~
C:/Users/chels/OneDrive - NAIT/term 4/CPME-2750 (Carlos)/New GitHub/cmpe2750-hardware-1242-a03-NareshKoirala/STM32CubeIDEDIR/MAINProgram/Drivers/MAX30100/max30100_for_stm32_hal.h:93:27: warning: unused variable '_max30100_ui2c' [-Wunused-variable]
   93 | extern I2C_HandleTypeDef *_max30100_ui2c;
      |                           ^~~~~~~~~~~~~~
../Core/Src/main.c: At top level:
../Core/Src/main.c:403:15: warning: 'MX_GPIO_Init' defined but not used [-Wunused-function]
  403 |   static void MX_GPIO_Init(void)
      |               ^~~~~~~~~~~~
../Core/Src/main.c:368:15: warning: 'MX_USART2_UART_Init' defined but not used [-Wunused-function]
  368 |   static void MX_USART2_UART_Init(void)
      |               ^~~~~~~~~~~~~~~~~~~
../Core/Src/main.c:321:15: warning: 'MX_I2C1_Init' defined but not used [-Wunused-function]
  321 |   static void MX_I2C1_Init(void)
      |               ^~~~~~~~~~~~
../Core/Src/main.c:281:8: warning: 'SystemClock_Config' defined but not used [-Wunused-function]
  281 |   void SystemClock_Config(void)
      |        ^~~~~~~~~~~~~~~~~~
../Core/Src/main.c:270:8: warning: 'update_oled' defined but not used [-Wunused-function]
  270 |   void update_oled(uint8_t x, uint8_t y, char* str)
      |        ^~~~~~~~~~~
../Core/Src/main.c:260:8: warning: 'init_oled' defined but not used [-Wunused-function]
  260 |   void init_oled(void)
      |        ^~~~~~~~~
../Core/Src/main.c:250:8: warning: 'init_sensor' defined but not used [-Wunused-function]
  250 |   void init_sensor(void)
      |        ^~~~~~~~~~~
../Core/Src/main.c:194:7: warning: 'main' defined but not used [-Wunused-function]
  194 |   int main(void)
      |       ^~~~
make: *** [Core/Src/subdir.mk:34: Core/Src/main.o] Error 1
make: *** Waiting for unfinished jobs....
"make -j16 all" terminated with exit code 2. Build might be incomplete.
14:16:06 **** Incremental Build of configuration Debug for project MAINProgram ****
make -j16 all 
arm-none-eabi-gcc "../Core/Src/main.c" -mcpu=cortex-m0plus -std=gnu11 -g3 -DDEBUG -DUSE_HAL_DRIVER -DSTM32G031xx -c -I../Core/Inc -I"C:/Users/chels/OneDrive - NAIT/term 4/CPME-2750 (Carlos)/New GitHub/cmpe2750-hardware-1242-a03-NareshKoirala/STM32CubeIDEDIR/MAINProgram/Drivers/MAX30100" -I"C:/Users/chels/OneDrive - NAIT/term 4/CPME-2750 (Carlos)/New GitHub/cmpe2750-hardware-1242-a03-NareshKoirala/STM32CubeIDEDIR/MAINProgram/Drivers/OLED" -I../Drivers/STM32G0xx_HAL_Driver/Inc -I../Drivers/STM32G0xx_HAL_Driver/Inc/Legacy -I../Drivers/CMSIS/Device/ST/STM32G0xx/Include -I../Drivers/CMSIS/Include -O0 -ffunction-sections -fdata-sections -Wall -fstack-usage -fcyclomatic-complexity -MMD -MP -MF"Core/Src/main.d" -MT"Core/Src/main.o" --specs=nano.specs -mfloat-abi=soft -mthumb -o "Core/Src/main.o"
arm-none-eabi-gcc -o "MAINProgram.elf" @"objects.list"   -mcpu=cortex-m0plus -T"C:\Users\chels\OneDrive - NAIT\term 4\CPME-2750 (Carlos)\New GitHub\cmpe2750-hardware-1242-a03-NareshKoirala\STM32CubeIDEDIR\MAINProgram\STM32G031K8TX_FLASH.ld" --specs=nosys.specs -Wl,-Map="MAINProgram.map" -Wl,--gc-sections -static -u _printf_float --specs=nano.specs -mfloat-abi=soft -mthumb -Wl,--start-group -lc -lm -Wl,--end-group
C:/ST/STM32CubeIDE_1.16.0/STM32CubeIDE/plugins/com.st.stm32cube.ide.mcu.externaltools.gnu-tools-for-stm32.12.3.rel1.win32_1.0.200.202406191623/tools/bin/../lib/gcc/arm-none-eabi/12.3.1/../../../../arm-none-eabi/bin/ld.exe: ./Core/Src/main.o: in function `main':
C:/Users/chels/OneDrive - NAIT/term 4/CPME-2750 (Carlos)/New GitHub/cmpe2750-hardware-1242-a03-NareshKoirala/STM32CubeIDEDIR/MAINProgram/Debug/../Core/Src/main.c:109: undefined reference to `init_sensor'
collect2.exe: error: ld returned 1 exit status
make: *** [makefile:66: MAINProgram.elf] Error 1
"make -j16 all" terminated with exit code 2. Build might be incomplete.
14:16:23 **** Incremental Build of configuration Debug for project MAINProgram ****
make -j16 all 
arm-none-eabi-gcc "../Core/Src/main.c" -mcpu=cortex-m0plus -std=gnu11 -g3 -DDEBUG -DUSE_HAL_DRIVER -DSTM32G031xx -c -I../Core/Inc -I"C:/Users/chels/OneDrive - NAIT/term 4/CPME-2750 (Carlos)/New GitHub/cmpe2750-hardware-1242-a03-NareshKoirala/STM32CubeIDEDIR/MAINProgram/Drivers/MAX30100" -I"C:/Users/chels/OneDrive - NAIT/term 4/CPME-2750 (Carlos)/New GitHub/cmpe2750-hardware-1242-a03-NareshKoirala/STM32CubeIDEDIR/MAINProgram/Drivers/OLED" -I../Drivers/STM32G0xx_HAL_Driver/Inc -I../Drivers/STM32G0xx_HAL_Driver/Inc/Legacy -I../Drivers/CMSIS/Device/ST/STM32G0xx/Include -I../Drivers/CMSIS/Include -O0 -ffunction-sections -fdata-sections -Wall -fstack-usage -fcyclomatic-complexity -MMD -MP -MF"Core/Src/main.d" -MT"Core/Src/main.o" --specs=nano.specs -mfloat-abi=soft -mthumb -o "Core/Src/main.o"
arm-none-eabi-gcc -o "MAINProgram.elf" @"objects.list"   -mcpu=cortex-m0plus -T"C:\Users\chels\OneDrive - NAIT\term 4\CPME-2750 (Carlos)\New GitHub\cmpe2750-hardware-1242-a03-NareshKoirala\STM32CubeIDEDIR\MAINProgram\STM32G031K8TX_FLASH.ld" --specs=nosys.specs -Wl,-Map="MAINProgram.map" -Wl,--gc-sections -static -u _printf_float --specs=nano.specs -mfloat-abi=soft -mthumb -Wl,--start-group -lc -lm -Wl,--end-group
Finished building target: MAINProgram.elf
 
arm-none-eabi-size  MAINProgram.elf 
arm-none-eabi-objdump -h -S MAINProgram.elf  > "MAINProgram.list"
   text	   data	    bss	    dec	    hex	filename
  45336	    468	   3308	  49112	   bfd8	MAINProgram.elf
Finished building: default.size.stdout
 
Finished building: MAINProgram.list
 
14:16:28 **** Incremental Build of configuration Debug for project MAINProgram ****
make -j16 all 
arm-none-eabi-size  MAINProgram.elf 
   text	   data	    bss	    dec	    hex	filename
  45336	    468	   3308	  49112	   bfd8	MAINProgram.elf
Finished building: default.size.stdout
 
14:18:06 **** Incremental Build of configuration Debug for project MAINProgram ****
make -j16 all 
arm-none-eabi-gcc "../Core/Src/main.c" -mcpu=cortex-m0plus -std=gnu11 -g3 -DDEBUG -DUSE_HAL_DRIVER -DSTM32G031xx -c -I../Core/Inc -I"C:/Users/chels/OneDrive - NAIT/term 4/CPME-2750 (Carlos)/New GitHub/cmpe2750-hardware-1242-a03-NareshKoirala/STM32CubeIDEDIR/MAINProgram/Drivers/MAX30100" -I"C:/Users/chels/OneDrive - NAIT/term 4/CPME-2750 (Carlos)/New GitHub/cmpe2750-hardware-1242-a03-NareshKoirala/STM32CubeIDEDIR/MAINProgram/Drivers/OLED" -I../Drivers/STM32G0xx_HAL_Driver/Inc -I../Drivers/STM32G0xx_HAL_Driver/Inc/Legacy -I../Drivers/CMSIS/Device/ST/STM32G0xx/Include -I../Drivers/CMSIS/Include -O0 -ffunction-sections -fdata-sections -Wall -fstack-usage -fcyclomatic-complexity -MMD -MP -MF"Core/Src/main.d" -MT"Core/Src/main.o" --specs=nano.specs -mfloat-abi=soft -mthumb -o "Core/Src/main.o"
arm-none-eabi-gcc -o "MAINProgram.elf" @"objects.list"   -mcpu=cortex-m0plus -T"C:\Users\chels\OneDrive - NAIT\term 4\CPME-2750 (Carlos)\New GitHub\cmpe2750-hardware-1242-a03-NareshKoirala\STM32CubeIDEDIR\MAINProgram\STM32G031K8TX_FLASH.ld" --specs=nosys.specs -Wl,-Map="MAINProgram.map" -Wl,--gc-sections -static -u _printf_float --specs=nano.specs -mfloat-abi=soft -mthumb -Wl,--start-group -lc -lm -Wl,--end-group
Finished building target: MAINProgram.elf
 
arm-none-eabi-size  MAINProgram.elf 
arm-none-eabi-objdump -h -S MAINProgram.elf  > "MAINProgram.list"
   text	   data	    bss	    dec	    hex	filename
  45000	    468	   3292	  48760	   be78	MAINProgram.elf
Finished building: default.size.stdout
 
Finished building: MAINProgram.list
 
14:18:11 **** Incremental Build of configuration Debug for project MAINProgram ****
make -j16 all 
arm-none-eabi-size  MAINProgram.elf 
   text	   data	    bss	    dec	    hex	filename
  45000	    468	   3292	  48760	   be78	MAINProgram.elf
Finished building: default.size.stdout
 
14:19:48 **** Incremental Build of configuration Debug for project MAINProgram ****
make -j16 all 
arm-none-eabi-gcc "../Core/Src/main.c" -mcpu=cortex-m0plus -std=gnu11 -g3 -DDEBUG -DUSE_HAL_DRIVER -DSTM32G031xx -c -I../Core/Inc -I"C:/Users/chels/OneDrive - NAIT/term 4/CPME-2750 (Carlos)/New GitHub/cmpe2750-hardware-1242-a03-NareshKoirala/STM32CubeIDEDIR/MAINProgram/Drivers/MAX30100" -I"C:/Users/chels/OneDrive - NAIT/term 4/CPME-2750 (Carlos)/New GitHub/cmpe2750-hardware-1242-a03-NareshKoirala/STM32CubeIDEDIR/MAINProgram/Drivers/OLED" -I../Drivers/STM32G0xx_HAL_Driver/Inc -I../Drivers/STM32G0xx_HAL_Driver/Inc/Legacy -I../Drivers/CMSIS/Device/ST/STM32G0xx/Include -I../Drivers/CMSIS/Include -O0 -ffunction-sections -fdata-sections -Wall -fstack-usage -fcyclomatic-complexity -MMD -MP -MF"Core/Src/main.d" -MT"Core/Src/main.o" --specs=nano.specs -mfloat-abi=soft -mthumb -o "Core/Src/main.o"
arm-none-eabi-gcc -o "MAINProgram.elf" @"objects.list"   -mcpu=cortex-m0plus -T"C:\Users\chels\OneDrive - NAIT\term 4\CPME-2750 (Carlos)\New GitHub\cmpe2750-hardware-1242-a03-NareshKoirala\STM32CubeIDEDIR\MAINProgram\STM32G031K8TX_FLASH.ld" --specs=nosys.specs -Wl,-Map="MAINProgram.map" -Wl,--gc-sections -static -u _printf_float --specs=nano.specs -mfloat-abi=soft -mthumb -Wl,--start-group -lc -lm -Wl,--end-group
Finished building target: MAINProgram.elf
 
arm-none-eabi-size  MAINProgram.elf 
arm-none-eabi-objdump -h -S MAINProgram.elf  > "MAINProgram.list"
   text	   data	    bss	    dec	    hex	filename
  44984	    468	   3292	  48744	   be68	MAINProgram.elf
Finished building: default.size.stdout
 
Finished building: MAINProgram.list
 
14:28:14 **** Incremental Build of configuration Debug for project MAINProgram ****
make -j16 all 
arm-none-eabi-gcc "../Core/Src/main.c" -mcpu=cortex-m0plus -std=gnu11 -g3 -DDEBUG -DUSE_HAL_DRIVER -DSTM32G031xx -c -I../Core/Inc -I"C:/Users/chels/OneDrive - NAIT/term 4/CPME-2750 (Carlos)/New GitHub/cmpe2750-hardware-1242-a03-NareshKoirala/STM32CubeIDEDIR/MAINProgram/Drivers/MAX30100" -I"C:/Users/chels/OneDrive - NAIT/term 4/CPME-2750 (Carlos)/New GitHub/cmpe2750-hardware-1242-a03-NareshKoirala/STM32CubeIDEDIR/MAINProgram/Drivers/OLED" -I../Drivers/STM32G0xx_HAL_Driver/Inc -I../Drivers/STM32G0xx_HAL_Driver/Inc/Legacy -I../Drivers/CMSIS/Device/ST/STM32G0xx/Include -I../Drivers/CMSIS/Include -O0 -ffunction-sections -fdata-sections -Wall -fstack-usage -fcyclomatic-complexity -MMD -MP -MF"Core/Src/main.d" -MT"Core/Src/main.o" --specs=nano.specs -mfloat-abi=soft -mthumb -o "Core/Src/main.o"
arm-none-eabi-gcc -o "MAINProgram.elf" @"objects.list"   -mcpu=cortex-m0plus -T"C:\Users\chels\OneDrive - NAIT\term 4\CPME-2750 (Carlos)\New GitHub\cmpe2750-hardware-1242-a03-NareshKoirala\STM32CubeIDEDIR\MAINProgram\STM32G031K8TX_FLASH.ld" --specs=nosys.specs -Wl,-Map="MAINProgram.map" -Wl,--gc-sections -static -u _printf_float --specs=nano.specs -mfloat-abi=soft -mthumb -Wl,--start-group -lc -lm -Wl,--end-group
Finished building target: MAINProgram.elf
 
arm-none-eabi-size  MAINProgram.elf 
arm-none-eabi-objdump -h -S MAINProgram.elf  > "MAINProgram.list"
   text	   data	    bss	    dec	    hex	filename
  45020	    468	   3292	  48780	   be8c	MAINProgram.elf
Finished building: default.size.stdout
 
Finished building: MAINProgram.list
 
14:28:17 **** Incremental Build of configuration Debug for project MAINProgram ****
make -j16 all 
arm-none-eabi-size  MAINProgram.elf 
   text	   data	    bss	    dec	    hex	filename
  45020	    468	   3292	  48780	   be8c	MAINProgram.elf
Finished building: default.size.stdout
 
14:31:49 **** Incremental Build of configuration Debug for project MAINProgram ****
make -j16 all 
arm-none-eabi-gcc "../Drivers/MAX30100/max30100_for_stm32_hal.c" -mcpu=cortex-m0plus -std=gnu11 -g3 -DDEBUG -DUSE_HAL_DRIVER -DSTM32G031xx -c -I../Core/Inc -I"C:/Users/chels/OneDrive - NAIT/term 4/CPME-2750 (Carlos)/New GitHub/cmpe2750-hardware-1242-a03-NareshKoirala/STM32CubeIDEDIR/MAINProgram/Drivers/MAX30100" -I"C:/Users/chels/OneDrive - NAIT/term 4/CPME-2750 (Carlos)/New GitHub/cmpe2750-hardware-1242-a03-NareshKoirala/STM32CubeIDEDIR/MAINProgram/Drivers/OLED" -I../Drivers/STM32G0xx_HAL_Driver/Inc -I../Drivers/STM32G0xx_HAL_Driver/Inc/Legacy -I../Drivers/CMSIS/Device/ST/STM32G0xx/Include -I../Drivers/CMSIS/Include -O0 -ffunction-sections -fdata-sections -Wall -fstack-usage -fcyclomatic-complexity -MMD -MP -MF"Drivers/MAX30100/max30100_for_stm32_hal.d" -MT"Drivers/MAX30100/max30100_for_stm32_hal.o" --specs=nano.specs -mfloat-abi=soft -mthumb -o "Drivers/MAX30100/max30100_for_stm32_hal.o"
../Drivers/MAX30100/max30100_for_stm32_hal.c: In function 'MAX30100_InterruptHandler':
../Drivers/MAX30100/max30100_for_stm32_hal.c:70:48: warning: passing argument 2 of 'MAX30100_PlotIrToUART' makes pointer from integer without a cast [-Wint-conversion]
   70 |         MAX30100_PlotIrToUART(_max30100_uuart, _max30100_hr_sample, 16);
      |                                                ^~~~~~~~~~~~~~~~~~~
      |                                                |
      |                                                uint16_t {aka short unsigned int}
In file included from ../Drivers/MAX30100/max30100_for_stm32_hal.c:3:
../Drivers/MAX30100/max30100_for_stm32_hal.h:127:65: note: expected 'uint16_t *' {aka 'short unsigned int *'} but argument is of type 'uint16_t' {aka 'short unsigned int'}
  127 | void MAX30100_PlotIrToUART(UART_HandleTypeDef *uuart, uint16_t *samples, uint8_t sampleSize);
      |                                                       ~~~~~~~~~~^~~~~~~
../Drivers/MAX30100/max30100_for_stm32_hal.c: In function 'MAX30100_PlotTemperatureToUART':
../Drivers/MAX30100/max30100_for_stm32_hal.c:149:34: warning: pointer targets in passing argument 2 of 'HAL_UART_Transmit' differ in signedness [-Wpointer-sign]
  149 |         HAL_UART_Transmit(uuart, data, strlen(data), MAX30100_TIMEOUT);
      |                                  ^~~~
      |                                  |
      |                                  char *
In file included from ../Core/Inc/stm32g0xx_hal_conf.h:319,
                 from ../Drivers/STM32G0xx_HAL_Driver/Inc/stm32g0xx_hal.h:29,
                 from ../Core/Inc/main.h:30,
                 from ../Drivers/MAX30100/max30100_for_stm32_hal.h:5:
../Drivers/STM32G0xx_HAL_Driver/Inc/stm32g0xx_hal_uart.h:1633:79: note: expected 'const uint8_t *' {aka 'const unsigned char *'} but argument is of type 'char *'
 1633 | HAL_StatusTypeDef HAL_UART_Transmit(UART_HandleTypeDef *huart, const uint8_t *pData, uint16_t Size, uint32_t Timeout);
      |                                                                ~~~~~~~~~~~~~~~^~~~~
../Drivers/MAX30100/max30100_for_stm32_hal.c: In function 'MAX30100_PlotIrToUART':
../Drivers/MAX30100/max30100_for_stm32_hal.c:156:42: warning: pointer targets in passing argument 2 of 'HAL_UART_Transmit' differ in signedness [-Wpointer-sign]
  156 |                 HAL_UART_Transmit(uuart, data, strlen(data), MAX30100_TIMEOUT);
      |                                          ^~~~
      |                                          |
      |                                          char *
../Drivers/STM32G0xx_HAL_Driver/Inc/stm32g0xx_hal_uart.h:1633:79: note: expected 'const uint8_t *' {aka 'const unsigned char *'} but argument is of type 'char *'
 1633 | HAL_StatusTypeDef HAL_UART_Transmit(UART_HandleTypeDef *huart, const uint8_t *pData, uint16_t Size, uint32_t Timeout);
      |                                                                ~~~~~~~~~~~~~~~^~~~~
../Drivers/MAX30100/max30100_for_stm32_hal.c: In function 'MAX30100_PlotBothToUART':
../Drivers/MAX30100/max30100_for_stm32_hal.c:164:42: warning: pointer targets in passing argument 2 of 'HAL_UART_Transmit' differ in signedness [-Wpointer-sign]
  164 |                 HAL_UART_Transmit(uuart, data, strlen(data), MAX30100_TIMEOUT);
      |                                          ^~~~
      |                                          |
      |                                          char *
../Drivers/STM32G0xx_HAL_Driver/Inc/stm32g0xx_hal_uart.h:1633:79: note: expected 'const uint8_t *' {aka 'const unsigned char *'} but argument is of type 'char *'
 1633 | HAL_StatusTypeDef HAL_UART_Transmit(UART_HandleTypeDef *huart, const uint8_t *pData, uint16_t Size, uint32_t Timeout);
      |                                                                ~~~~~~~~~~~~~~~^~~~~
../Drivers/MAX30100/max30100_for_stm32_hal.c: In function 'MAX30100_CalculateSpO2':
../Drivers/MAX30100/max30100_for_stm32_hal.c:229:10: warning: unused variable 'uart_buffer' [-Wunused-variable]
  229 |     char uart_buffer[50];
      |          ^~~~~~~~~~~
../Drivers/MAX30100/max30100_for_stm32_hal.c: In function 'MAX30100_CalculateBPM':
../Drivers/MAX30100/max30100_for_stm32_hal.c:214:63: warning: '
   ' directive writing 2 bytes into a region of size between 0 and 16 [-Wformat-overflow=]
  214 |     sprintf(uart_buffer, "IR Sample[%d]: %d, Time: %d, bpm: %f\r\n", sample_index, _max30100_ir_sample[sample_index], _max30100_time_sample[sample_index], bpm);
      |                                                               ^~~~
../Drivers/MAX30100/max30100_for_stm32_hal.c:214:5: note: 'sprintf' output between 37 and 361 bytes into a destination of size 50
  214 |     sprintf(uart_buffer, "IR Sample[%d]: %d, Time: %d, bpm: %f\r\n", sample_index, _max30100_ir_sample[sample_index], _max30100_time_sample[sample_index], bpm);
      |     ^~~~~~~~~~~~~~~~~~~~~~~~~~~~~~~~~~~~~~~~~~~~~~~~~~~~~~~~~~~~~~~~~~~~~~~~~~~~~~~~~~~~~~~~~~~~~~~~~~~~~~~~~~~~~~~~~~~~~~~~~~~~~~~~~~~~~~~~~~~~~~~~~~~~~~~~~~~
arm-none-eabi-gcc -o "MAINProgram.elf" @"objects.list"   -mcpu=cortex-m0plus -T"C:\Users\chels\OneDrive - NAIT\term 4\CPME-2750 (Carlos)\New GitHub\cmpe2750-hardware-1242-a03-NareshKoirala\STM32CubeIDEDIR\MAINProgram\STM32G031K8TX_FLASH.ld" --specs=nosys.specs -Wl,-Map="MAINProgram.map" -Wl,--gc-sections -static -u _printf_float --specs=nano.specs -mfloat-abi=soft -mthumb -Wl,--start-group -lc -lm -Wl,--end-group
Finished building target: MAINProgram.elf
 
arm-none-eabi-size  MAINProgram.elf 
arm-none-eabi-objdump -h -S MAINProgram.elf  > "MAINProgram.list"
   text	   data	    bss	    dec	    hex	filename
  44828	    468	   3292	  48588	   bdcc	MAINProgram.elf
Finished building: default.size.stdout
 
Finished building: MAINProgram.list
 
