21:57:44 **** Incremental Build of configuration Debug for project ProofOfLife ****
make -j16 all 
arm-none-eabi-gcc "../Core/Src/main.c" -mcpu=cortex-m0plus -std=gnu11 -g3 -DDEBUG -DUSE_HAL_DRIVER -DSTM32G031xx -c -I../Core/Inc -I../Drivers/STM32G0xx_HAL_Driver/Inc -I../Drivers/STM32G0xx_HAL_Driver/Inc/Legacy -I../Drivers/CMSIS/Device/ST/STM32G0xx/Include -I../Drivers/CMSIS/Include -O0 -ffunction-sections -fdata-sections -Wall -fstack-usage -fcyclomatic-complexity -MMD -MP -MF"Core/Src/main.d" -MT"Core/Src/main.o" --specs=nano.specs -mfloat-abi=soft -mthumb -o "Core/Src/main.o"
arm-none-eabi-gcc -o "ProofOfLife.elf" @"objects.list"   -mcpu=cortex-m0plus -T"C:\Users\chels\OneDrive - NAIT\term 4\CPME-2750 (Carlos)\New GitHub\cmpe2750-hardware-1242-a03-NareshKoirala\STM32CubeIDEDIR\ProofOfLife\STM32G031K8TX_FLASH.ld" --specs=nosys.specs -Wl,-Map="ProofOfLife.map" -Wl,--gc-sections -static --specs=nano.specs -mfloat-abi=soft -mthumb -Wl,--start-group -lc -lm -Wl,--end-group
Finished building target: ProofOfLife.elf
 
arm-none-eabi-size  ProofOfLife.elf 
arm-none-eabi-objdump -h -S ProofOfLife.elf  > "ProofOfLife.list"
   text	   data	    bss	    dec	    hex	filename
   9204	     12	   1716	  10932	   2ab4	ProofOfLife.elf
Finished building: default.size.stdout
 
Finished building: ProofOfLife.list
 

21:57:44 Build Finished. 0 errors, 0 warnings. (took 667ms)

