../Drivers/MAX30100/max30100_for_stm32_hal.c:30:6:MAX30100_Init	16	static
../Drivers/MAX30100/max30100_for_stm32_hal.c:37:9:MAX30100_ReadReg	40	static
../Drivers/MAX30100/max30100_for_stm32_hal.c:44:6:MAX30100_WriteReg	32	static
../Drivers/MAX30100/max30100_for_stm32_hal.c:49:6:MAX30100_EnableInterrupt	32	static
../Drivers/MAX30100/max30100_for_stm32_hal.c:54:6:MAX30100_InterruptHandler	24	static
../Drivers/MAX30100/max30100_for_stm32_hal.c:77:10:MAX30100_ReadHeartRate	24	static
../Drivers/MAX30100/max30100_for_stm32_hal.c:84:6:MAX30100_SetMode	24	static
../Drivers/MAX30100/max30100_for_stm32_hal.c:100:6:MAX30100_SetSpO2SampleRate	32	static
../Drivers/MAX30100/max30100_for_stm32_hal.c:106:6:MAX30100_SetLEDPulseWidth	32	static
../Drivers/MAX30100/max30100_for_stm32_hal.c:111:6:MAX30100_SetLEDCurrent	16	static
../Drivers/MAX30100/max30100_for_stm32_hal.c:117:6:MAX30100_ClearFIFO	8	static
../Drivers/MAX30100/max30100_for_stm32_hal.c:122:6:MAX30100_ReadFIFO	96	static
../Drivers/MAX30100/max30100_for_stm32_hal.c:138:7:MAX30100_ReadTemperature	24	static
../Drivers/MAX30100/max30100_for_stm32_hal.c:144:6:MAX30100_PlotTemperatureToUART	56	static
../Drivers/MAX30100/max30100_for_stm32_hal.c:152:6:MAX30100_PlotIrToUART	48	static
../Drivers/MAX30100/max30100_for_stm32_hal.c:160:6:MAX30100_PlotBothToUART	64	static
../Drivers/MAX30100/max30100_for_stm32_hal.c:168:6:MAX30100_Stop	8	static
../Drivers/MAX30100/max30100_for_stm32_hal.c:174:6:MAX30100_Pause	8	static
../Drivers/MAX30100/max30100_for_stm32_hal.c:182:6:MAX30100_Resume	8	static
../Drivers/MAX30100/max30100_for_stm32_hal.c:187:7:MAX30100_CalculateBPM	104	static
../Drivers/MAX30100/max30100_for_stm32_hal.c:225:7:MAX30100_CalculateSpO2	88	static
